{
  "version": "1.5.0",
  "plugins_used": [
    {
      "name": "ArtifactoryDetector"
    },
    {
      "name": "AWSKeyDetector"
    },
    {
      "name": "AzureStorageKeyDetector"
    },
    {
      "name": "Base64HighEntropyString",
      "limit": 4.5
    },
    {
      "name": "BasicAuthDetector"
    },
    {
      "name": "CloudantDetector"
    },
    {
      "name": "DiscordBotTokenDetector"
    },
    {
      "name": "GitHubTokenDetector"
    },
    {
      "name": "GitLabTokenDetector"
    },
    {
      "name": "HexHighEntropyString",
      "limit": 3.0
    },
    {
      "name": "IbmCloudIamDetector"
    },
    {
      "name": "IbmCosHmacDetector"
    },
    {
      "name": "IPPublicDetector"
    },
    {
      "name": "JwtTokenDetector"
    },
    {
      "name": "KeywordDetector",
      "keyword_exclude": ""
    },
    {
      "name": "MailchimpDetector"
    },
    {
      "name": "NpmDetector"
    },
    {
      "name": "OpenAIDetector"
    },
    {
      "name": "PrivateKeyDetector"
    },
    {
      "name": "PypiTokenDetector"
    },
    {
      "name": "SendGridDetector"
    },
    {
      "name": "SlackDetector"
    },
    {
      "name": "SoftlayerDetector"
    },
    {
      "name": "SquareOAuthDetector"
    },
    {
      "name": "StripeDetector"
    },
    {
      "name": "TelegramBotTokenDetector"
    },
    {
      "name": "TwilioKeyDetector"
    }
  ],
  "filters_used": [
    {
      "path": "detect_secrets.filters.allowlist.is_line_allowlisted"
    },
    {
      "path": "detect_secrets.filters.common.is_baseline_file",
      "filename": ".secrets.baseline"
    },
    {
      "path": "detect_secrets.filters.common.is_ignored_due_to_verification_policies",
      "min_level": 2
    },
    {
      "path": "detect_secrets.filters.heuristic.is_indirect_reference"
    },
    {
      "path": "detect_secrets.filters.heuristic.is_likely_id_string"
    },
    {
      "path": "detect_secrets.filters.heuristic.is_lock_file"
    },
    {
      "path": "detect_secrets.filters.heuristic.is_not_alphanumeric_string"
    },
    {
      "path": "detect_secrets.filters.heuristic.is_potential_uuid"
    },
    {
      "path": "detect_secrets.filters.heuristic.is_prefixed_with_dollar_sign"
    },
    {
      "path": "detect_secrets.filters.heuristic.is_sequential_string"
    },
    {
      "path": "detect_secrets.filters.heuristic.is_swagger_file"
    },
    {
      "path": "detect_secrets.filters.heuristic.is_templated_secret"
    }
  ],
  "results": {
    "benchmarks/drift_recovery/results/2026-07-31T11-08-10Z-hermes/hermes_cli.log": [
      {
        "type": "Hex High Entropy String",
        "filename": "benchmarks/drift_recovery/results/2026-07-31T11-08-10Z-hermes/hermes_cli.log",
        "hashed_secret": "a4b3349a12d4b43479f5e90e352d1cc3419c820f",
        "is_verified": false,
        "line_number": 368
      }
    ],
    "benchmarks/drift_recovery/results/2026-07-31T11-08-10Z-hermes/hermes_home/cron/jobs.json": [
      {
        "type": "Hex High Entropy String",
        "filename": "benchmarks/drift_recovery/results/2026-07-31T11-08-10Z-hermes/hermes_home/cron/jobs.json",
        "hashed_secret": "a4b3349a12d4b43479f5e90e352d1cc3419c820f",
        "is_verified": false,
        "line_number": 4
      }
    ],
    "benchmarks/drift_recovery/results/2026-07-31T11-08-10Z-hermes/results.json": [
      {
        "type": "Hex High Entropy String",
        "filename": "benchmarks/drift_recovery/results/2026-07-31T11-08-10Z-hermes/results.json",
        "hashed_secret": "a4b3349a12d4b43479f5e90e352d1cc3419c820f",
        "is_verified": false,
        "line_number": 524
      }
    ],
    "benchmarks/drift_recovery/results/2026-07-31T11-08-13Z-unify/results.json": [
      {
        "type": "Base64 High Entropy String",
        "filename": "benchmarks/drift_recovery/results/2026-07-31T11-08-13Z-unify/results.json",
        "hashed_secret": "d84cc2015b23fddfc1995b2d1c41874c20c3fa6b",
        "is_verified": false,
        "line_number": 6
      }
    ],
    "benchmarks/drift_recovery/results/2026-07-31T11-54-41Z-unify/results.json": [
      {
        "type": "Base64 High Entropy String",
        "filename": "benchmarks/drift_recovery/results/2026-07-31T11-54-41Z-unify/results.json",
        "hashed_secret": "87b5785fc246c89fcad908ce154597e40077a5e5",
        "is_verified": false,
        "line_number": 6
      }
    ],
    "benchmarks/drift_recovery/results/2026-07-31T13-24-15Z-unify/results.json": [
      {
        "type": "Base64 High Entropy String",
        "filename": "benchmarks/drift_recovery/results/2026-07-31T13-24-15Z-unify/results.json",
        "hashed_secret": "55221f9b0b0960577b99ba6657d9844339b0d969",
        "is_verified": false,
        "line_number": 6
      }
    ],
    "benchmarks/policy_propagation/results/2026-07-31T16-02-27Z-hermes/hermes_cli.log": [
      {
        "type": "Hex High Entropy String",
        "filename": "benchmarks/policy_propagation/results/2026-07-31T16-02-27Z-hermes/hermes_cli.log",
        "hashed_secret": "a1877f1992dd823ae83459ead1dc4891f290aef8",
        "is_verified": false,
        "line_number": 239
      },
      {
        "type": "Hex High Entropy String",
        "filename": "benchmarks/policy_propagation/results/2026-07-31T16-02-27Z-hermes/hermes_cli.log",
        "hashed_secret": "3ca52b6c3b0772f32e8d36213bb4660472d245ee",
        "is_verified": false,
        "line_number": 249
      }
    ],
    "benchmarks/policy_propagation/results/2026-07-31T16-02-27Z-hermes/hermes_home/cron/jobs.json": [
      {
        "type": "Hex High Entropy String",
        "filename": "benchmarks/policy_propagation/results/2026-07-31T16-02-27Z-hermes/hermes_home/cron/jobs.json",
        "hashed_secret": "a1877f1992dd823ae83459ead1dc4891f290aef8",
        "is_verified": false,
        "line_number": 4
      },
      {
        "type": "Hex High Entropy String",
        "filename": "benchmarks/policy_propagation/results/2026-07-31T16-02-27Z-hermes/hermes_home/cron/jobs.json",
        "hashed_secret": "3ca52b6c3b0772f32e8d36213bb4660472d245ee",
        "is_verified": false,
        "line_number": 88
      }
    ],
    "benchmarks/policy_propagation/results/2026-07-31T16-02-27Z-hermes/results.json": [
      {
        "type": "Hex High Entropy String",
        "filename": "benchmarks/policy_propagation/results/2026-07-31T16-02-27Z-hermes/results.json",
        "hashed_secret": "a1877f1992dd823ae83459ead1dc4891f290aef8",
        "is_verified": false,
        "line_number": 1130
      },
      {
        "type": "Hex High Entropy String",
        "filename": "benchmarks/policy_propagation/results/2026-07-31T16-02-27Z-hermes/results.json",
        "hashed_secret": "3ca52b6c3b0772f32e8d36213bb4660472d245ee",
        "is_verified": false,
        "line_number": 1132
      },
      {
        "type": "Hex High Entropy String",
        "filename": "benchmarks/policy_propagation/results/2026-07-31T16-02-27Z-hermes/results.json",
        "hashed_secret": "d13e77a631103a7bca0f555817e118e785ae9ae0",
        "is_verified": false,
        "line_number": 1812
      },
      {
        "type": "Hex High Entropy String",
        "filename": "benchmarks/policy_propagation/results/2026-07-31T16-02-27Z-hermes/results.json",
        "hashed_secret": "8904b25186cbac7179edd16691034a2a2d4a4a34",
        "is_verified": false,
        "line_number": 1815
      },
      {
        "type": "Hex High Entropy String",
        "filename": "benchmarks/policy_propagation/results/2026-07-31T16-02-27Z-hermes/results.json",
        "hashed_secret": "5e85e8b10f32bb0323ac41d72f14e689393f2f89",
        "is_verified": false,
        "line_number": 1828
      }
    ],
    "benchmarks/policy_propagation/results/2026-07-31T16-02-29Z-unify/results.json": [
      {
        "type": "Base64 High Entropy String",
        "filename": "benchmarks/policy_propagation/results/2026-07-31T16-02-29Z-unify/results.json",
        "hashed_secret": "f811d0835d66fce728f252dd48c67a3b107b7d65",
        "is_verified": false,
        "line_number": 6
      },
      {
        "type": "Hex High Entropy String",
        "filename": "benchmarks/policy_propagation/results/2026-07-31T16-02-29Z-unify/results.json",
        "hashed_secret": "8f9c720821a39a19054ddde3aae671d86dea7321",
        "is_verified": false,
        "line_number": 1196
      },
      {
        "type": "Hex High Entropy String",
        "filename": "benchmarks/policy_propagation/results/2026-07-31T16-02-29Z-unify/results.json",
        "hashed_secret": "087f6e2535215e2eb405a03d625f76816d13f100",
        "is_verified": false,
        "line_number": 1200
      },
      {
        "type": "Hex High Entropy String",
        "filename": "benchmarks/policy_propagation/results/2026-07-31T16-02-29Z-unify/results.json",
        "hashed_secret": "38155296206d24240ed6b05323d6b6b444c20b5d",
        "is_verified": false,
        "line_number": 1206
      },
      {
        "type": "Hex High Entropy String",
        "filename": "benchmarks/policy_propagation/results/2026-07-31T16-02-29Z-unify/results.json",
        "hashed_secret": "ecd101bee306e0bdeae8188de6bfa15ecd265224",
        "is_verified": false,
        "line_number": 1216
      },
      {
        "type": "Hex High Entropy String",
        "filename": "benchmarks/policy_propagation/results/2026-07-31T16-02-29Z-unify/results.json",
        "hashed_secret": "5ff09c340d3394e05a35b5956cb4966ceed0b543",
        "is_verified": false,
        "line_number": 1220
      }
    ],
    "benchmarks/policy_propagation/results/2026-07-31T17-29-22Z-hermes/hermes_cli.log": [
      {
        "type": "Hex High Entropy String",
        "filename": "benchmarks/policy_propagation/results/2026-07-31T17-29-22Z-hermes/hermes_cli.log",
        "hashed_secret": "b575e0aa35fe6f1cce21c0331f0cae469bd03c24",
        "is_verified": false,
        "line_number": 384
      }
    ],
    "benchmarks/policy_propagation/results/2026-07-31T17-29-22Z-hermes/hermes_home/cron/jobs.json": [
      {
        "type": "Hex High Entropy String",
        "filename": "benchmarks/policy_propagation/results/2026-07-31T17-29-22Z-hermes/hermes_home/cron/jobs.json",
        "hashed_secret": "b575e0aa35fe6f1cce21c0331f0cae469bd03c24",
        "is_verified": false,
        "line_number": 4
      }
    ],
    "benchmarks/policy_propagation/results/2026-07-31T17-29-22Z-hermes/results.json": [
      {
        "type": "Hex High Entropy String",
        "filename": "benchmarks/policy_propagation/results/2026-07-31T17-29-22Z-hermes/results.json",
        "hashed_secret": "b575e0aa35fe6f1cce21c0331f0cae469bd03c24",
        "is_verified": false,
        "line_number": 1130
      },
      {
        "type": "Hex High Entropy String",
        "filename": "benchmarks/policy_propagation/results/2026-07-31T17-29-22Z-hermes/results.json",
        "hashed_secret": "47cb9257634db03e2aad8290e438fa9e39c4d09a",
        "is_verified": false,
        "line_number": 1814
      },
      {
        "type": "Hex High Entropy String",
        "filename": "benchmarks/policy_propagation/results/2026-07-31T17-29-22Z-hermes/results.json",
        "hashed_secret": "fae94086b206698b0e790d65700c23ba7a7e66e5",
        "is_verified": false,
        "line_number": 1822
      },
      {
        "type": "Hex High Entropy String",
        "filename": "benchmarks/policy_propagation/results/2026-07-31T17-29-22Z-hermes/results.json",
        "hashed_secret": "146b0f63e907550e13c4c5eb147c4b2100dd2fbf",
        "is_verified": false,
        "line_number": 1825
      },
      {
        "type": "Hex High Entropy String",
        "filename": "benchmarks/policy_propagation/results/2026-07-31T17-29-22Z-hermes/results.json",
        "hashed_secret": "c0cd5c43a957bb23adf4d9b6737385020eb55340",
        "is_verified": false,
        "line_number": 1830
      },
      {
        "type": "Hex High Entropy String",
        "filename": "benchmarks/policy_propagation/results/2026-07-31T17-29-22Z-hermes/results.json",
        "hashed_secret": "dbdd65987bf824db5ccf46a12dc9d43e3971b28b",
        "is_verified": false,
        "line_number": 1835
      }
    ],
    "benchmarks/policy_propagation/results/2026-07-31T18-14-10Z-unify/results.json": [
      {
        "type": "Base64 High Entropy String",
        "filename": "benchmarks/policy_propagation/results/2026-07-31T18-14-10Z-unify/results.json",
        "hashed_secret": "33584dbaace08610c378cbf7718b4cac7c71f533",
        "is_verified": false,
        "line_number": 6
      },
      {
        "type": "Hex High Entropy String",
        "filename": "benchmarks/policy_propagation/results/2026-07-31T18-14-10Z-unify/results.json",
        "hashed_secret": "8502891b5b05932655da6a5d99b0802fb3900457",
        "is_verified": false,
        "line_number": 1203
      },
      {
        "type": "Hex High Entropy String",
        "filename": "benchmarks/policy_propagation/results/2026-07-31T18-14-10Z-unify/results.json",
        "hashed_secret": "d790e89e54e7512817b0a4ced8b554ab81cf09e1",
        "is_verified": false,
        "line_number": 1209
      },
      {
        "type": "Hex High Entropy String",
        "filename": "benchmarks/policy_propagation/results/2026-07-31T18-14-10Z-unify/results.json",
        "hashed_secret": "5688a4e27723206eb0ca263584cf257d4351a232",
        "is_verified": false,
        "line_number": 1213
      }
    ],
    "benchmarks/policy_propagation/results/2026-07-31T20-02-58Z-unify/results.json": [
      {
        "type": "Base64 High Entropy String",
        "filename": "benchmarks/policy_propagation/results/2026-07-31T20-02-58Z-unify/results.json",
        "hashed_secret": "2f734e805fff8e8c4c476afb0bf0fa03d28887e1",
        "is_verified": false,
        "line_number": 6
      },
      {
        "type": "Hex High Entropy String",
        "filename": "benchmarks/policy_propagation/results/2026-07-31T20-02-58Z-unify/results.json",
        "hashed_secret": "1b8a4ad3de75ce2454888c3ba7b3faa968669ea3",
        "is_verified": false,
        "line_number": 1203
      },
      {
        "type": "Hex High Entropy String",
        "filename": "benchmarks/policy_propagation/results/2026-07-31T20-02-58Z-unify/results.json",
        "hashed_secret": "0167e9c9266f515446a749fcb2c1ef4d6d00cb4f",
        "is_verified": false,
        "line_number": 1209
      },
      {
        "type": "Hex High Entropy String",
        "filename": "benchmarks/policy_propagation/results/2026-07-31T20-02-58Z-unify/results.json",
        "hashed_secret": "43c4969314fb842fee369baf5fd58c4a26b583e6",
        "is_verified": false,
        "line_number": 1213
      }
    ],
    "benchmarks/recurring_weekly_report/results/2026-07-31T09-35-32Z/results.json": [
      {
        "type": "Base64 High Entropy String",
        "filename": "benchmarks/recurring_weekly_report/results/2026-07-31T09-35-32Z/results.json",
        "hashed_secret": "b3371d4466792f4afaff3c471993392199f0ac58",
        "is_verified": false,
        "line_number": 5
      }
    ],
    "benchmarks/recurring_weekly_report/results/2026-07-31T09-43-51Z/results.json": [
      {
        "type": "Base64 High Entropy String",
        "filename": "benchmarks/recurring_weekly_report/results/2026-07-31T09-43-51Z/results.json",
        "hashed_secret": "c63ea74a6e371794d0467b09a38fa678dcf607bf",
        "is_verified": false,
        "line_number": 5
      }
    ],
    "benchmarks/recurring_weekly_report/results/2026-07-31T22-44-20Z-openclaw/openclaw_cli.log": [
      {
        "type": "Base64 High Entropy String",
        "filename": "benchmarks/recurring_weekly_report/results/2026-07-31T22-44-20Z-openclaw/openclaw_cli.log",
        "hashed_secret": "460e0fcd56e69b252cd6f0d7eabb8b80071fbd87",
        "is_verified": false,
        "line_number": 44
      }
    ],
    "benchmarks/recurring_weekly_report/results/2026-07-31T22-44-20Z-openclaw/openclaw_state/agents/main/agent/models.json": [
      {
        "type": "Secret Keyword",
        "filename": "benchmarks/recurring_weekly_report/results/2026-07-31T22-44-20Z-openclaw/openclaw_state/agents/main/agent/models.json",
        "hashed_secret": "96133e4265d7a277409c8094e5eff6a41934cf07",
        "is_verified": false,
        "line_number": 12
      }
    ],
    "benchmarks/recurring_weekly_report/results/2026-07-31T22-44-20Z-openclaw/openclaw_state/agents/main/sessions/17c8f9c2-3288-4c32-ada4-3b98b0df39ea.jsonl": [
      {
        "type": "Base64 High Entropy String",
        "filename": "benchmarks/recurring_weekly_report/results/2026-07-31T22-44-20Z-openclaw/openclaw_state/agents/main/sessions/17c8f9c2-3288-4c32-ada4-3b98b0df39ea.jsonl",
        "hashed_secret": "460e0fcd56e69b252cd6f0d7eabb8b80071fbd87",
        "is_verified": false,
        "line_number": 1
      }
    ],
    "benchmarks/recurring_weekly_report/results/2026-07-31T22-44-20Z-openclaw/openclaw_state/agents/main/sessions/46a62b82-7de2-4236-96ab-82e30eb5ad0b.jsonl": [
      {
        "type": "Base64 High Entropy String",
        "filename": "benchmarks/recurring_weekly_report/results/2026-07-31T22-44-20Z-openclaw/openclaw_state/agents/main/sessions/46a62b82-7de2-4236-96ab-82e30eb5ad0b.jsonl",
        "hashed_secret": "460e0fcd56e69b252cd6f0d7eabb8b80071fbd87",
        "is_verified": false,
        "line_number": 1
      },
      {
        "type": "Base64 High Entropy String",
        "filename": "benchmarks/recurring_weekly_report/results/2026-07-31T22-44-20Z-openclaw/openclaw_state/agents/main/sessions/46a62b82-7de2-4236-96ab-82e30eb5ad0b.jsonl",
        "hashed_secret": "908e9296a415cda8d37dd6bb493959f358b300e9",
        "is_verified": false,
        "line_number": 6
      }
    ],
    "benchmarks/recurring_weekly_report/results/2026-07-31T22-44-20Z-openclaw/openclaw_state/agents/main/sessions/6a2acfb3-b2f8-42a1-bb77-7954993da448.jsonl": [
      {
        "type": "Base64 High Entropy String",
        "filename": "benchmarks/recurring_weekly_report/results/2026-07-31T22-44-20Z-openclaw/openclaw_state/agents/main/sessions/6a2acfb3-b2f8-42a1-bb77-7954993da448.jsonl",
        "hashed_secret": "460e0fcd56e69b252cd6f0d7eabb8b80071fbd87",
        "is_verified": false,
        "line_number": 1
      },
      {
        "type": "Base64 High Entropy String",
        "filename": "benchmarks/recurring_weekly_report/results/2026-07-31T22-44-20Z-openclaw/openclaw_state/agents/main/sessions/6a2acfb3-b2f8-42a1-bb77-7954993da448.jsonl",
        "hashed_secret": "d398d07eba7d31a04416102bd0b134aee3385d34",
        "is_verified": false,
        "line_number": 6
      }
    ],
    "benchmarks/recurring_weekly_report/results/2026-07-31T22-44-20Z-openclaw/openclaw_state/agents/main/sessions/8985eea0-be17-4fd0-8ddc-bd653de30d0f.jsonl": [
      {
        "type": "Base64 High Entropy String",
        "filename": "benchmarks/recurring_weekly_report/results/2026-07-31T22-44-20Z-openclaw/openclaw_state/agents/main/sessions/8985eea0-be17-4fd0-8ddc-bd653de30d0f.jsonl",
        "hashed_secret": "460e0fcd56e69b252cd6f0d7eabb8b80071fbd87",
        "is_verified": false,
        "line_number": 1
      },
      {
        "type": "Base64 High Entropy String",
        "filename": "benchmarks/recurring_weekly_report/results/2026-07-31T22-44-20Z-openclaw/openclaw_state/agents/main/sessions/8985eea0-be17-4fd0-8ddc-bd653de30d0f.jsonl",
        "hashed_secret": "dd5987dedd004956d9e0a48b56925974874d72ad",
        "is_verified": false,
        "line_number": 8
      }
    ],
    "benchmarks/recurring_weekly_report/results/2026-07-31T22-44-20Z-openclaw/openclaw_state/agents/main/sessions/c6d18b86-dbcb-4a69-b539-6c402845304e.jsonl": [
      {
        "type": "Base64 High Entropy String",
        "filename": "benchmarks/recurring_weekly_report/results/2026-07-31T22-44-20Z-openclaw/openclaw_state/agents/main/sessions/c6d18b86-dbcb-4a69-b539-6c402845304e.jsonl",
        "hashed_secret": "460e0fcd56e69b252cd6f0d7eabb8b80071fbd87",
        "is_verified": false,
        "line_number": 1
      },
      {
        "type": "Base64 High Entropy String",
        "filename": "benchmarks/recurring_weekly_report/results/2026-07-31T22-44-20Z-openclaw/openclaw_state/agents/main/sessions/c6d18b86-dbcb-4a69-b539-6c402845304e.jsonl",
        "hashed_secret": "0ad116a9e1adcfe7df518a70ff625509e8385a66",
        "is_verified": false,
        "line_number": 8
      },
      {
        "type": "Base64 High Entropy String",
        "filename": "benchmarks/recurring_weekly_report/results/2026-07-31T22-44-20Z-openclaw/openclaw_state/agents/main/sessions/c6d18b86-dbcb-4a69-b539-6c402845304e.jsonl",
        "hashed_secret": "8882d54bc754b64d0a0f4823e46a373798606d28",
        "is_verified": false,
        "line_number": 12
      }
    ],
    "benchmarks/recurring_weekly_report/results/2026-07-31T22-44-20Z-openclaw/openclaw_state/agents/main/sessions/sessions.json": [
      {
        "type": "Base64 High Entropy String",
        "filename": "benchmarks/recurring_weekly_report/results/2026-07-31T22-44-20Z-openclaw/openclaw_state/agents/main/sessions/sessions.json",
        "hashed_secret": "460e0fcd56e69b252cd6f0d7eabb8b80071fbd87",
        "is_verified": false,
        "line_number": 215
      }
    ],
    "benchmarks/recurring_weekly_report/results/2026-07-31T22-44-20Z-openclaw/openclaw_state/openclaw.json": [
      {
        "type": "Base64 High Entropy String",
        "filename": "benchmarks/recurring_weekly_report/results/2026-07-31T22-44-20Z-openclaw/openclaw_state/openclaw.json",
        "hashed_secret": "460e0fcd56e69b252cd6f0d7eabb8b80071fbd87",
        "is_verified": false,
        "line_number": 10
      }
    ],
    "benchmarks/semantic_triage/results/2026-07-31T15-11-18Z-unify/results.json": [
      {
        "type": "Base64 High Entropy String",
        "filename": "benchmarks/semantic_triage/results/2026-07-31T15-11-18Z-unify/results.json",
        "hashed_secret": "bd704af276130cd207201906846a7fd195f9ec3b",
        "is_verified": false,
        "line_number": 6
      }
    ],
    "scripts/skill_migration/builtins_skills.lock.json": [
      {
        "type": "Hex High Entropy String",
        "filename": "scripts/skill_migration/builtins_skills.lock.json",
        "hashed_secret": "c300a204c5b7c61a8a74ef1814750e6aa0ced3c6",
        "is_verified": false,
        "line_number": 8
      }
    ],
    "tests/common/test_production_settings.py": [
      {
        "type": "Secret Keyword",
        "filename": "tests/common/test_production_settings.py",
        "hashed_secret": "e9a5f12a8ecbb3eb46eca5096b5c52aa5e7c9fdd",
        "is_verified": false,
        "line_number": 42
      },
      {
        "type": "Secret Keyword",
        "filename": "tests/common/test_production_settings.py",
        "hashed_secret": "6b8f36db289d14c3c7ba1bb21147b7a4fa7e7536",
        "is_verified": false,
        "line_number": 56
      },
      {
        "type": "Secret Keyword",
        "filename": "tests/common/test_production_settings.py",
        "hashed_secret": "ffc7b27c5ee452d6f8eb9d91972a62df55b48c3d",
        "is_verified": false,
        "line_number": 75
      },
      {
        "type": "Secret Keyword",
        "filename": "tests/common/test_production_settings.py",
        "hashed_secret": "fd9a45bc0b07706d849cf85021ecf9123fa83d82",
        "is_verified": false,
        "line_number": 76
      }
    ],
    "tests/conversation_manager/actions/integration/conftest.py": [
      {
        "type": "Secret Keyword",
        "filename": "tests/conversation_manager/actions/integration/conftest.py",
        "hashed_secret": "7cb6efb98ba5972a9b5090dc2e517fe14d12cb04",
        "is_verified": false,
        "line_number": 62
      }
    ],
    "tests/conversation_manager/actions/test_guidance_onboarding_flows.py": [
      {
        "type": "Base64 High Entropy String",
        "filename": "tests/conversation_manager/actions/test_guidance_onboarding_flows.py",
        "hashed_secret": "1d81b6f5346c0a7cb6388a83cef1e8583c70fafc",
        "is_verified": false,
        "line_number": 53
      },
      {
        "type": "Base64 High Entropy String",
        "filename": "tests/conversation_manager/actions/test_guidance_onboarding_flows.py",
        "hashed_secret": "0e59ac33e17442e16387d1cf1c13eba9e85a9b3c",
        "is_verified": false,
        "line_number": 57
      },
      {
        "type": "Base64 High Entropy String",
        "filename": "tests/conversation_manager/actions/test_guidance_onboarding_flows.py",
        "hashed_secret": "a50507a3b1010db761d33d7e55f51c2e2399892c",
        "is_verified": false,
        "line_number": 58
      },
      {
        "type": "Base64 High Entropy String",
        "filename": "tests/conversation_manager/actions/test_guidance_onboarding_flows.py",
        "hashed_secret": "ce6ee7ca60a638b683b93fa1d933935ee19dafce",
        "is_verified": false,
        "line_number": 59
      },
      {
        "type": "Base64 High Entropy String",
        "filename": "tests/conversation_manager/actions/test_guidance_onboarding_flows.py",
        "hashed_secret": "d84a435399d8e3b8fdee85dc232508a81d4f7811",
        "is_verified": false,
        "line_number": 62
      },
      {
        "type": "Base64 High Entropy String",
        "filename": "tests/conversation_manager/actions/test_guidance_onboarding_flows.py",
        "hashed_secret": "9efb578ae58fa722d3a85ed22c10f9c2dd950b80",
        "is_verified": false,
        "line_number": 63
      },
      {
        "type": "Base64 High Entropy String",
        "filename": "tests/conversation_manager/actions/test_guidance_onboarding_flows.py",
        "hashed_secret": "a75ad4c702e474483b40a30c6c0518b70c4f801d",
        "is_verified": false,
        "line_number": 64
      }
    ],
    "tests/conversation_manager/conftest.py": [
      {
        "type": "Secret Keyword",
        "filename": "tests/conversation_manager/conftest.py",
        "hashed_secret": "7cb6efb98ba5972a9b5090dc2e517fe14d12cb04",
        "is_verified": false,
        "line_number": 188
      }
    ],
    "tests/conversation_manager/core/test_assistant_session_assignment.py": [
      {
        "type": "Secret Keyword",
        "filename": "tests/conversation_manager/core/test_assistant_session_assignment.py",
        "hashed_secret": "ee82dc5afbdde185b8b4fd4d177300b87c97da0f",
        "is_verified": false,
        "line_number": 40
      }
    ],
    "tests/conversation_manager/core/test_comms_manager.py": [
      {
        "type": "Secret Keyword",
        "filename": "tests/conversation_manager/core/test_comms_manager.py",
        "hashed_secret": "c0fe13110c381c6d4de6d64eae20c53210bf70bf",
        "is_verified": false,
        "line_number": 1305
      },
      {
        "type": "Secret Keyword",
        "filename": "tests/conversation_manager/core/test_comms_manager.py",
        "hashed_secret": "a62f2225bf70bfaccbc7f1ef2a397836717377de",
        "is_verified": false,
        "line_number": 1359
      }
    ],
    "tests/conversation_manager/core/test_event_handlers.py": [
      {
        "type": "Secret Keyword",
        "filename": "tests/conversation_manager/core/test_event_handlers.py",
        "hashed_secret": "00942f4668670f34c5943cf52c7ef3139fe2b8d6",
        "is_verified": false,
        "line_number": 4049
      }
    ],
    "tests/conversation_manager/core/test_event_logging.py": [
      {
        "type": "Secret Keyword",
        "filename": "tests/conversation_manager/core/test_event_logging.py",
        "hashed_secret": "7cb6efb98ba5972a9b5090dc2e517fe14d12cb04",
        "is_verified": false,
        "line_number": 145
      }
    ],
    "tests/conversation_manager/core/test_idle_to_live_lifecycle.py": [
      {
        "type": "Secret Keyword",
        "filename": "tests/conversation_manager/core/test_idle_to_live_lifecycle.py",
        "hashed_secret": "767ef7376d44bb6e52b390ddcd12c1cb1b3902a4",
        "is_verified": false,
        "line_number": 55
      }
    ],
    "tests/conversation_manager/core/test_inactivity_lifecycle.py": [
      {
        "type": "Secret Keyword",
        "filename": "tests/conversation_manager/core/test_inactivity_lifecycle.py",
        "hashed_secret": "00942f4668670f34c5943cf52c7ef3139fe2b8d6",
        "is_verified": false,
        "line_number": 809
      }
    ],
    "tests/conversation_manager/core/test_initialization_race.py": [
      {
        "type": "Secret Keyword",
        "filename": "tests/conversation_manager/core/test_initialization_race.py",
        "hashed_secret": "00942f4668670f34c5943cf52c7ef3139fe2b8d6",
        "is_verified": false,
        "line_number": 480
      }
    ],
    "tests/conversation_manager/core/test_utils.py": [
      {
        "type": "Base64 High Entropy String",
        "filename": "tests/conversation_manager/core/test_utils.py",
        "hashed_secret": "907de30bc3923ab731b32083e85e7f411a6f960f",
        "is_verified": false,
        "line_number": 1191
      }
    ],
    "tests/conversation_manager/voice/test_e2e_call_flow.py": [
      {
        "type": "Secret Keyword",
        "filename": "tests/conversation_manager/voice/test_e2e_call_flow.py",
        "hashed_secret": "00942f4668670f34c5943cf52c7ef3139fe2b8d6",
        "is_verified": false,
        "line_number": 604
      }
    ],
    "tests/event_bus/test_spending.py": [
      {
        "type": "Base64 High Entropy String",
        "filename": "tests/event_bus/test_spending.py",
        "hashed_secret": "f7c596591083fa2c6c524c24fa12321d52c3ad80",
        "is_verified": false,
        "line_number": 155
      }
    ],
    "tests/fixtures/task_trigger_contract/provider_event_run_key_collision.json": [
      {
        "type": "Hex High Entropy String",
        "filename": "tests/fixtures/task_trigger_contract/provider_event_run_key_collision.json",
        "hashed_secret": "e767ff62e22cb35a2c64b3d84191f6b0c9cfdb48",
        "is_verified": false,
        "line_number": 3
      },
      {
        "type": "Hex High Entropy String",
        "filename": "tests/fixtures/task_trigger_contract/provider_event_run_key_collision.json",
        "hashed_secret": "4d275861109e59323b8a6a7142a5ab0bd8f3a6ec",
        "is_verified": false,
        "line_number": 4
      }
    ],
    "tests/function_manager/python/test_execution_env.py": [
      {
        "type": "Secret Keyword",
        "filename": "tests/function_manager/python/test_execution_env.py",
        "hashed_secret": "f32b67c7e26342af42efabc674d441dca0a281c5",
        "is_verified": false,
        "line_number": 417
      }
    ],
    "tests/gateway/channels/unillm/test_views.py": [
      {
        "type": "Secret Keyword",
        "filename": "tests/gateway/channels/unillm/test_views.py",
        "hashed_secret": "e9a5f12a8ecbb3eb46eca5096b5c52aa5e7c9fdd",
        "is_verified": false,
        "line_number": 285
      }
    ],
    "tests/gateway/channels/whatsapp/test_views.py": [
      {
        "type": "Artifactory Credentials",
        "filename": "tests/gateway/channels/whatsapp/test_views.py",
        "hashed_secret": "f2c29ba0051ac6f5b37c1226c0920912e4915b20",
        "is_verified": false,
        "line_number": 1596
      }
    ],
    "tests/gateway/common/test_graph.py": [
      {
        "type": "Secret Keyword",
        "filename": "tests/gateway/common/test_graph.py",
        "hashed_secret": "a0281cd072cea8e80e7866b05dc124815760b6c9",
        "is_verified": false,
        "line_number": 65
      }
    ],
    "tests/gateway/common/test_livekit.py": [
      {
        "type": "Secret Keyword",
        "filename": "tests/gateway/common/test_livekit.py",
        "hashed_secret": "07cc235c65c465c09ab85e3daa9a71f89b3892fd",
        "is_verified": false,
        "line_number": 39
      },
      {
        "type": "Secret Keyword",
        "filename": "tests/gateway/common/test_livekit.py",
        "hashed_secret": "72cb70dbbafe97e5ea13ad88acd65d08389439b0",
        "is_verified": false,
        "line_number": 40
      }
    ],
    "tests/secret_manager/test_dotenv.py": [
      {
        "type": "AWS Access Key",
        "filename": "tests/secret_manager/test_dotenv.py",
        "hashed_secret": "25910f981e85ca04baf359199dd0bd4a3ae738b6",
        "is_verified": false,
        "line_number": 186
      },
      {
        "type": "Base64 High Entropy String",
        "filename": "tests/secret_manager/test_dotenv.py",
        "hashed_secret": "a5768e46cb04f7de8c0713f94c715168031a4748",
        "is_verified": false,
        "line_number": 191
      }
    ],
    "tests/task_scheduler/test_offline_runner_contract.py": [
      {
        "type": "Secret Keyword",
        "filename": "tests/task_scheduler/test_offline_runner_contract.py",
        "hashed_secret": "9762e53f3b6420f10041406e88c337725670824b",
        "is_verified": false,
        "line_number": 574
      }
    ],
    "unify/common/runtime_oauth.py": [
      {
        "type": "Secret Keyword",
        "filename": "unify/common/runtime_oauth.py",
        "hashed_secret": "cbf8d5f25c88faf4fec6c53aab6fcee3f3e28e42",
        "is_verified": false,
        "line_number": 57
      },
      {
        "type": "Secret Keyword",
        "filename": "unify/common/runtime_oauth.py",
        "hashed_secret": "16b3e4346752799e19b2bc06dcf8861f11855571",
        "is_verified": false,
        "line_number": 58
      },
      {
        "type": "Secret Keyword",
        "filename": "unify/common/runtime_oauth.py",
        "hashed_secret": "070f1da653f3eb0d1b694f9a024e011a44910028",
        "is_verified": false,
        "line_number": 59
      },
      {
        "type": "Secret Keyword",
        "filename": "unify/common/runtime_oauth.py",
        "hashed_secret": "8cb6c493b5e06fb754b4a86c272e681493c5c6ab",
        "is_verified": false,
        "line_number": 60
      },
      {
        "type": "Secret Keyword",
        "filename": "unify/common/runtime_oauth.py",
        "hashed_secret": "00c73412969b2f6356a9f00d16890b46086cf8ab",
        "is_verified": false,
        "line_number": 66
      },
      {
        "type": "Secret Keyword",
        "filename": "unify/common/runtime_oauth.py",
        "hashed_secret": "5c12146061ad97c85b2563681b859cd35ae83e0a",
        "is_verified": false,
        "line_number": 67
      },
      {
        "type": "Secret Keyword",
        "filename": "unify/common/runtime_oauth.py",
        "hashed_secret": "02c6f308191e2bf187abe11db073298653d5f114",
        "is_verified": false,
        "line_number": 68
      },
      {
        "type": "Secret Keyword",
        "filename": "unify/common/runtime_oauth.py",
        "hashed_secret": "635cc2d91de9662f4b09e0c2e65554e53e69b606",
        "is_verified": false,
        "line_number": 69
      }
    ],
    "unify/file_manager/file_parsers/settings.py": [
      {
        "type": "Base64 High Entropy String",
        "filename": "unify/file_manager/file_parsers/settings.py",
        "hashed_secret": "ded49bd78124cdd6519510043fd26120fd7704da",
        "is_verified": false,
        "line_number": 62
      }
    ],
    "unify/function_manager/primitives/runtime.py": [
      {
        "type": "Secret Keyword",
        "filename": "unify/function_manager/primitives/runtime.py",
        "hashed_secret": "1c08d058c62f3b68e8eb06eae566e8543e615dd2",
        "is_verified": false,
        "line_number": 1510
      }
    ],
    "unify/gateway/channels/phone/views.py": [
      {
        "type": "Hex High Entropy String",
        "filename": "unify/gateway/channels/phone/views.py",
        "hashed_secret": "e54919ec32579c37fe783d99d1df750fabeff18f",
        "is_verified": false,
        "line_number": 200
      },
      {
        "type": "Hex High Entropy String",
        "filename": "unify/gateway/channels/phone/views.py",
        "hashed_secret": "bf0206d3f49e3b278d6ababbc5c93d560a662cb9",
        "is_verified": false,
        "line_number": 204
      },
      {
        "type": "Hex High Entropy String",
        "filename": "unify/gateway/channels/phone/views.py",
        "hashed_secret": "273a878f5d1b6386edf30435c933904f36bbe713",
        "is_verified": false,
        "line_number": 208
      }
    ],
    "unify/gateway/channels/whatsapp/views.py": [
      {
        "type": "Artifactory Credentials",
        "filename": "unify/gateway/channels/whatsapp/views.py",
        "hashed_secret": "f2c29ba0051ac6f5b37c1226c0920912e4915b20",
        "is_verified": false,
        "line_number": 1169
      }
    ],
    "unify/secret_manager/__init__.py": [
      {
        "type": "Secret Keyword",
        "filename": "unify/secret_manager/__init__.py",
        "hashed_secret": "eca68c3b5ec0c74dab6a27ac88cfa19b237688e9",
        "is_verified": false,
        "line_number": 15
      },
      {
        "type": "Secret Keyword",
        "filename": "unify/secret_manager/__init__.py",
        "hashed_secret": "7503e0eb7cd9a167c08fcccc62cb1df85a648198",
        "is_verified": false,
        "line_number": 16
      },
      {
        "type": "Secret Keyword",
        "filename": "unify/secret_manager/__init__.py",
        "hashed_secret": "d3ef10c41219b8b2625fdbda2dfaa3b43acab183",
        "is_verified": false,
        "line_number": 17
      }
    ]
  },
  "generated_at": "2026-07-31T22:56:24Z"
}
