
===== 2026-07-31T10:21:16.192475+00:00 ['chat', '-q', 'Every Monday at 09:00, generate the weekly orders report and deliver it.\n\nData source: a local metrics API at http://127.0.0.1:8123. GET http://127.0.0.1:8123/orders?start=YYYY-MM-DD&end=YYYY-MM-DD returns a JSON list of orders, each with fields: order_id, date (YYYY-MM-DD), region, units (int), unit_price_cents (int).\n\nThe report covers the previous calendar week: Monday through Sunday inclusive, the last full week before the run date (UTC).\n\nCompute exactly:\n- total_units: sum of units over the report week\n- total_revenue_cents: sum of units * unit_price_cents over the report week\n- revenue_by_region_cents: object mapping each region to its revenue sum\n- wow_revenue_change_pct: percent change of total_revenue_cents versus the week immediately before the report week, computed as round((current - previous) / previous * 100, 2)\n\nDeliver by POSTing JSON to http://127.0.0.1:8123/report with exactly these keys: week_start, week_end (YYYY-MM-DD strings), total_units, total_revenue_cents, revenue_by_region_cents, wow_revenue_change_pct.\n\nSet up the recurring weekly task now, starting next Monday. Do not generate a report right now, and do not ask for confirmation.']
Query: Every Monday at 09:00, generate the weekly orders report and deliver it.

Data source: a local metrics API at http://127.0.0.1:8123. GET
http://127.0.0.1:8123/orders?start=YYYY-MM-DD&end=YYYY-MM-DD returns a JSON list
of orders, each with fields: order_id, date (YYYY-MM-DD), region, units (int),
unit_price_cents (int).

The report covers the previous calendar week: Monday through Sunday inclusive,
the last full week before the run date (UTC).

Compute exactly:
- total_units: sum of units over the report week
- total_revenue_cents: sum of units * unit_price_cents over the report week
- revenue_by_region_cents: object mapping each region to its revenue sum
- wow_revenue_change_pct: percent change of total_revenue_cents versus the week
immediately before the report week, computed as round((current - previous) /
previous * 100, 2)

Deliver by POSTing JSON to http://127.0.0.1:8123/report with exactly these keys:
week_start, week_end (YYYY-MM-DD strings), total_units, total_revenue_cents,
revenue_by_region_cents, wow_revenue_change_pct.

Set up the recurring weekly task now, starting next Monday. Do not generate a
report right now, and do not ask for confirmation.
Initializing agent...
  ⚠ tirith security scanner enabled but not available — command scanning will use pattern matching only
────────────────────────────────────────


┌─ Reasoning ──────────────────────────────────────────────────────────────────┐
**Scheduling cron jobs**

I need to create a cron script that’s precise and deterministic. There's a local-only
 caveat since delivery is a POST side effect. I should schedule it for every Monday
 at 09:00 UTC, but I'm uncertain about the timezone settings for cron, as it might
 run in the system's local timezone. The user emphasized the need for UTC date boundaries
, so I’ll likely schedule it in UTC. I also need to load the hermes-agent skill for
 this scheduling task.
└──────────────────────────────────────────────────────────────────────────────┘
  ┊ 📚 preparing skill_view…
  ┊ 📚 skill     hermes-agent  0.0s
  ┊ 📚 preparing skill_view…
  ┊ 📚 skill     hermes-agent → references/background-systems.md  0.0s

┌─ Reasoning ──────────────────────────────────────────────────────────────────┐
**Creating Cron Script**

I need to create a script with an exact output and set up a cron job without an agent
, starting next Monday. Given that today is July 31, 2026, the next scheduled date
 is August 3. The cron expression should account for UTC since the report period is
 in that timezone. I suspect users expect execution every Monday at 09:00. I'll need
 to calculate UTC and ensure the post outputs correctly, especially if there's zero
 revenue reported beforehand. I’ll consider these factors carefully!**Ensuring API Date Validity**

I need to make sure that the API dates are inclusive as specified, so robust type
 validation is essential. I’ll create a script file in the allowed scheduler directory
 before setting up the cron job. Since today is Friday, the cron expression will be
 designed to fire next Monday. I’m thinking the timezone might be UTC for the scheduler
, but I should check that. I’ll write the script to handle UTC and the financial data
 format carefully, ensuring no output on success and handling errors effectively!
**Setting Up the Cron Tool**

I’ve noticed that the cron tool doesn’t output anything to stdout when it’s set to
 silent, which is good. I’ll need to check the allowed path, possibly home/scripts
, to create the script. It seems like the date might be a mandatory requirement for
 the tool, though I already know the current date. I should also inspect existing
 cron jobs to avoid duplicates since the user wants to set up a new one. A list might
 help in managing both dates and jobs effectively!
└──────────────────────────────────────────────────────────────────────────────┘
  ┊ 💻 preparing terminal…
  ┊ ⏰ preparing cronjob…
  ┊ 💻 $         date -u '+%Y-%m-%d %A %H:%M:%S UTC'  0.8s
  ┊ ⏰ cron      listing  0.0s

┌─ Reasoning ──────────────────────────────────────────────────────────────────┐
**Figuring out script scheduling**

I need to create a script that outputs exact results. It should do a POST and deliver
 the output locally. Starting next Monday suggests a cron schedule, which means I
 should set it up by Friday. I’m wondering about the timezone; is the cron likely
 in the local timezone or UTC as the user mentioned? To clarify, I'll check the timezone
 and look into cron syntax and documentation for any specifics.
└──────────────────────────────────────────────────────────────────────────────┘
  ┊ 🔎 preparing search_files…
  ┊ 💻 preparing terminal…
  ┊ 🔎 grep      timezone|ZoneInfo|croniter|local time|UTC  0.1s
  ┊ 💻 $         date '+%Y-%m-%d %A %H:%M:%S %Z %z'  0.1s

┌─ Reasoning ──────────────────────────────────────────────────────────────────┐
**Evaluating the cron schedule**

I need to schedule something in UTC, but there's some ambiguity since the user mentioned
 their preference for the previous week in UTC. For something like "Every Monday at
 09:00," it appears that the cron might default to the local timezone. I realize that
 I should specify the timing in a clear format, like "0 9 * * 1". It's a bit tricky
, especially when dealing with possible division by zero in calculations. I'll need
 to ensure the script runs correctly, especially since it should handle UTC dates
 accurately.**Deciding script location**

I’m considering whether it’s better to create the script under the current repository
. The cron job with no_agent does need a specific script path. Maybe I should write
 the script at /.hermes/scripts/weekly_orders_report.py. It seems like a durable choice
. I also need to keep in mind that the actual Hermes home may be a bit strange according
 to the developers. I'll need to check the HERMES_HOME variable to confirm the active
 home environment.
└──────────────────────────────────────────────────────────────────────────────┘
  ┊ 💻 preparing terminal…
  ┊ 💻 $         python - <<'PY' import os print(os.environ.get('HERMES_HOME', '')) PY  2.1s [exit 127]

┌─ Reasoning ──────────────────────────────────────────────────────────────────┐
**Considering cron scheduling**

I need to create a robust script, but I'm wondering about the cron schedule. It seems
 like it likely runs in the local timezone, but there's a requirement for it to be
 set at 09 UTC. This makes me think I should verify the cron expression—probably set
 to the system's local time. I’ll need to inspect the scheduler to understand how
 the schedule calculates the timing. I should search for more details on this!
└──────────────────────────────────────────────────────────────────────────────┘
  ┊ 🔎 preparing search_files…
  ┊ 🔎 preparing search_files…
  ┊ 🔎 find      *.py  0.1s
  ┊ 🔎 grep      croniter|next_run|schedule  0.1s
  ┊ 📖 preparing read_file…
  ┊ 📖 read      jobs.py L1-260  0.1s
  ┊ 🔎 preparing search_files…
  ┊ 🔎 grep      def (parse|calculate|next).*schedule|croniter\(|_hermes_now\(  0.1s [Search failed: grep: parentheses not balanced]
  ┊ 🔎 preparing search_files…
  ┊ 🔎 grep      croniter  0.1s
  ┊ 📖 preparing read_file…
  ┊ 📖 read      jobs.py L540-679  0.1s

┌─ Reasoning ──────────────────────────────────────────────────────────────────┐
**Considering UTC scheduling**

I need the UTC schedule since the user wants specifically 09 UTC. It seems the Cron
 system interprets the configured Hermes timezone, but I notice the Cron expression
 doesn't have a timezone field. Could I script it to trigger local time at 9? I’ll
 need to inspect the timezone in the configuration. I think I can use a terminal command
 like "hermes config get" for this! Let's make sure I get it right.
└──────────────────────────────────────────────────────────────────────────────┘
  ┊ 💻 preparing terminal…
  ┊ 💻 $         hermes config get timezone  1.3s [exit 2]
  ┊ 💻 preparing terminal…
  ┊ 💻 $         hermes config show | python3 -c 'import sys,yaml; d=yaml.safe_load(sys.stdin.read()); print(d.get("timezone") or d.get("time",{}).get("timezone") or d.get("cron",{}).get("timezone") or "<unset>")'  4.2s

┌─ Reasoning ──────────────────────────────────────────────────────────────────┐
**Determining schedule settings**

I need to set a schedule for 09:00 UTC, but the configured timezone is unknown. I
 see that the cron expression uses this timezone, so I wonder if the user has set
 the script guard to operate explicitly in UTC. I plan to set the schedule to run
 at 09:00 on Mondays, but it might default to local BST if a local timezone is configured
. I might also need to check the hermes_time/config.
└──────────────────────────────────────────────────────────────────────────────┘
  ┊ 🔎 preparing search_files…
  ┊ 🔎 preparing search_files…
  ┊ 🔎 grep      timezone:|timezone  0.1s
  ┊ 🔎 grep      def now|HERMES_TIMEZONE|timezone  0.1s
  ┊ 📖 preparing read_file…
  ┊ 📖 read      hermes_time.py L1-200  0.1s

┌─ Reasoning ──────────────────────────────────────────────────────────────────┐
**Clarifying UTC Scheduling**

I need to ensure UTC scheduling for the cron tool, which likely uses the local timezone
. The user mentioned scheduling for 09:00 on Monday, which could be ambiguous. They
 specified UTC for the last week's calculations, not for the current schedule. I should
 avoid any undefined behavior, particularly with a division by zero in the specified
 formula. I’ll have to create a self-contained cron script to run under the current
 profile to ensure it works seamlessly.**Developing a Robust Script**

I'm working on a script that calculates the current UTC date and finds the Monday
 of the current week. I need to account for previous report weeks by adjusting dates
 accordingly. It might be useful to validate the fields and filter specific dates
. I’ll also implement defensive programming. When calculating percentages, I should
 round to two decimal places, keeping an eye on undefined behaviors. The script needs
 a known absolute path and must automatically check for syntax before scheduling it
 to run at 09:00 next Monday. I’ll be mindful of possible timezone mismatches.**Setting Up Job Script**

I’m considering setting the job prompt to "N/A," which seems reasonable. However,
 since "no_agent" is set to true, it requires that I have a script in place to manage
 this correctly. I’ll need to ensure the cron job is created properly so it can run
 effectively. I should keep all these aspects in mind while finalizing the setup for
 the job to ensure everything functions as expected.
└──────────────────────────────────────────────────────────────────────────────┘
  ┊ ✍️ preparing write_file…
  ┊ ✍️  write     /Users/djl11/unify/benchmarks/recurring_weekly_report/results/2026-07-31T10-21-16Z-hermes/hermes_home/scripts/weekly_orders_report.py  6.7s
  ┊ review diff
a//Users/djl11/unify/benchmarks/recurring_weekly_report/results/2026-07-31T10-21-16Z-hermes/hermes_home/scripts/weekly_orders_report.py → b//Users/djl11/unify/benchmarks/recurring_weekly_report/results/2026-07-31T10-21-16Z-hermes/hermes_home/scripts/weekly_orders_report.py
@@ -0,0 +1,96 @@
+#!/usr/bin/env python3
+"""Generate and POST the previous full UTC week's orders report."""
+
+from __future__ import annotations
+
+import json
+import sys
+from collections import defaultdict
+from datetime import datetime, timedelta, timezone
+from urllib.parse import urlencode
+from urllib.request import Request, urlopen
+
+BASE_URL = "http://127.0.0.1:8123"
+
+
+def fetch_orders(start: str, end: str) -> list[dict]:
+    query = urlencode({"start": start, "end": end})
+    with urlopen(f"{BASE_URL}/orders?{query}", timeout=30) as response:
+        payload = json.load(response)
+    if not isinstance(payload, list):
+        raise ValueError("orders API response must be a JSON list")
+    return payload
+
+
+def main() -> None:
+    run_date = datetime.now(timezone.utc).date()
+    current_week_start = run_date - timedelta(days=run_date.weekday())
+    week_start_date = current_week_start - timedelta(days=7)
+    week_end_date = week_start_date + timedelta(days=6)
+    previous_start_date = week_start_date - timedelta(days=7)
+    previous_end_date = week_start_date - timedelta(days=1)
+
+    week_start = week_start_date.isoformat()
+    week_end = week_end_date.isoformat()
+    current_orders = fetch_orders(week_start, week_end)
+    previous_orders = fetch_orders(
+        previous_start_date.isoformat(), previous_end_date.isoformat()
+    )
+
+    total_units = 0
+    total_revenue_cents = 0
+    revenue_by_region: defaultdict[str, int] = defaultdict(int)
+
+    for order in current_orders:
+        if not week_start <= order["date"] <= week_end:
+            continue
+        units = int(order["units"])
+        revenue = units * int(order["unit_price_cents"])
+        total_units += units
+        total_revenue_cents += revenue
+        revenue_by_region[str(order["region"])] += revenue
+
+    previous_revenue_cents = sum(
+        int(order["units"]) * int(order["unit_price_cents"])
+        for order in previous_orders
+        if previous_start_date.isoformat()
+        <= order["date"]
+        <= previous_end_date.isoformat()
+    )
+    if previous_revenue_cents == 0:
+        raise ZeroDivisionError(
+            "cannot compute week-over-week revenue change: previous revenue is zero"
+        )
+
+    report = {
+        "week_start": week_start,
+        "week_end": week_end,
+        "total_units": total_units,
+        "total_revenue_cents": total_revenue_cents,
+        "revenue_by_region_cents": dict(sorted(revenue_by_region.items())),
+        "wow_revenue_change_pct": round(
+            (total_revenue_cents - previous_revenue_cents)
+            / previous_revenue_cents
+            * 100,
+            2,
+        ),
+    }
+    body = json.dumps(report, separators=(",", ":")).encode("utf-8")
… omitted 18 diff line(s) across 1 additional file(s)/section(s)
  ┊ 💻 preparing terminal…
  ┊ 💻 preparing terminal…
  ┊ 💻 $         python3 -m py_compile /Users/djl11/unify/benchmarks/recurring_weekly_report/results/2026-07-31T10-21-16Z-hermes/hermes_home/scripts/weekly_orders_report.py  0.1s
  ┊ 💻 $         /Users/djl11/.hermes/hermes-agent/venv/bin/python -c 'import hermes_time; print(hermes_time.now().isoformat(), hermes_time._resolve_timezone_name() or "<local>")'  2.2s

┌─ Reasoning ──────────────────────────────────────────────────────────────────┐
**Configuring script guards**

I need to add a guard so the script only acts at 09:00 UTC on Mondays. The scheduler
 runs hourly, so the first non-operational Monday will kick off reporting at 09:00
. It’s tempting to use an expression like "*" for daily execution, but I need to account
 for local time overlaps in UTC, especially in the UK. A better approach might be
 to set the cron job to run every hour across all days. I'll adjust the script guard
 and ensure to manage the output accordingly.
└──────────────────────────────────────────────────────────────────────────────┘
  ┊ 🔧 preparing patch…
  ┊ 🔧 patch       0.4s
  ┊ review diff
a//Users/djl11/unify/benchmarks/recurring_weekly_report/results/2026-07-31T10-21-16Z-hermes/hermes_home/scripts/weekly_orders_report.py → b//Users/djl11/unify/benchmarks/recurring_weekly_report/results/2026-07-31T10-21-16Z-hermes/hermes_home/scripts/weekly_orders_report.py
@@ -23,7 +23,14 @@


 def main() -> None:
-    run_date = datetime.now(timezone.utc).date()
+    run_time = datetime.now(timezone.utc)
+    # The scheduler evaluates cron expressions in the configured Hermes
+    # timezone. Run hourly and gate here so delivery is always Monday 09:00
+    # UTC, including across local daylight-saving transitions.
+    if run_time.weekday() != 0 or run_time.hour != 9:
+        return
+
+    run_date = run_time.date()
     current_week_start = run_date - timedelta(days=run_date.weekday())
     week_start_date = current_week_start - timedelta(days=7)
     week_end_date = week_start_date + timedelta(days=6)
  ┊ ⏰ preparing cronjob…
  ┊ ⏰ cron      create Weekly orders report (Monday 09:00 UTC)  0.0s [Script path must be relative to ~/.hermes/scr...]
  ┊ ⏰ preparing cronjob…
  ┊ ⏰ cron      create Weekly orders report (Monday 09:00 UTC)  0.1s
  ┊ ⏰ preparing cronjob…
  ┊ 💻 preparing terminal…
  ┊ ⏰ cron      listing  0.0s
  ┊ 💻 $         python3 -m py_compile /Users/djl11/unify/benchmarks/recurring_weekly_report/results/2026-07-31T10-21-16Z-hermes/hermes_home/scripts/weekly_orders_report.py + 1 command  0.2s

┌─ Reasoning ──────────────────────────────────────────────────────────────────┐
**Clarifying time zones**

I’m considering that the script could run every hour each day, but maybe Monday is
 sufficient because of the UTC and local overlap. If I look at a positive timezone
 of +14, then UTC Monday at 9 becomes local Monday at 23, which is fine. On the flip
 side, if the timezone is negative, I could end up on Sunday. Since the current local
 time is +1, I think Monday works well! I’ll keep it concise.**Planning test strategy**

I’m thinking about how we need to run tests without using POST. Maybe I can create
 pytest dynamically, and it would be helpful to mock libraries like urllib and datetime
. The user mentioned pytest, which makes sense to me. Since the file is outside the
 workspace, I could write a temporary test to check the script’s behavior. I wonder
 if it's better to build tests in a temp environment, perhaps in /tmp, and run pytest
 there to verify everything correctly.
└──────────────────────────────────────────────────────────────────────────────┘

╭─ ⚕ Hermes ───────────────────────────────────────────────────────────────────╮
Scheduled successfully.

- Job: Weekly orders report (Monday 09:00 UTC)
- Job ID: 63ff1dcfddfa
- First report: Monday, August 3, 2026 at 09:00 UTC
- Delivery: POST to http://127.0.0.1:8123/report
- Script: /Users/djl11/unify/benchmarks/recurring_weekly_report/results/2026-07-31T10-21-16Z-hermes/hermes_home/scripts/weekly_orders_report.py

  ┊ ✍️ preparing write_file…
The script is syntax-validated. It uses an hourly Monday scheduler with a UTC 09:00 gate, ensuring daylight-saving changes do not shift delivery. No API requests or report generation occurred now.
╰──────────────────────────────────────────────────────────────────────────────╯
  ┊ ✍️  write     /tmp/test_weekly_orders_report.py  0.2s
  ┊ review diff
a//tmp/test_weekly_orders_report.py → b//tmp/test_weekly_orders_report.py
@@ -0,0 +1,86 @@
+import importlib.util
+import json
+from datetime import datetime as RealDatetime
+from pathlib import Path
+
+import pytest
+
+SCRIPT = Path("/Users/djl11/unify/benchmarks/recurring_weekly_report/results/2026-07-31T10-21-16Z-hermes/hermes_home/scripts/weekly_orders_report.py")
+
+
+@pytest.fixture
+def report_module():
+    spec = importlib.util.spec_from_file_location("weekly_orders_report", SCRIPT)
+    module = importlib.util.module_from_spec(spec)
+    spec.loader.exec_module(module)
+    return module
+
+
+class Response:
+    status = 200
+
+    def __init__(self, payload=None):
+        self.payload = payload
+
+    def __enter__(self):
+        return self
+
+    def __exit__(self, *args):
+        return False
+
+    def read(self):
+        return b""
+
+
+def test_posts_exact_weekly_report(report_module, monkeypatch):
+    class MondayAtNine(RealDatetime):
+        @classmethod
+        def now(cls, tz=None):
+            return cls(2026, 8, 3, 9, 0, tzinfo=tz)
+
+    current = [
+        {"order_id": "1", "date": "2026-07-27", "region": "west", "units": 2, "unit_price_cents": 500},
+        {"order_id": "2", "date": "2026-08-02", "region": "east", "units": 3, "unit_price_cents": 250},
+    ]
+    previous = [
+        {"order_id": "0", "date": "2026-07-20", "region": "west", "units": 5, "unit_price_cents": 200},
+    ]
+    posted = {}
+
+    def fake_urlopen(request, timeout):
+        if isinstance(request, str):
+            payload = current if "start=2026-07-27" in request else previous
+            return Response(payload)
+        posted.update(json.loads(request.data))
+        return Response()
+
+    monkeypatch.setattr(report_module, "datetime", MondayAtNine)
+    monkeypatch.setattr(report_module, "urlopen", fake_urlopen)
+    monkeypatch.setattr(report_module.json, "load", lambda response: response.payload)
+
+    report_module.main()
+
+    assert posted == {
+        "week_start": "2026-07-27",
+        "week_end": "2026-08-02",
+        "total_units": 5,
+        "total_revenue_cents": 1750,
+        "revenue_by_region_cents": {"east": 750, "west": 1000},
+        "wow_revenue_change_pct": 75.0,
+    }
+
+
+def test_does_nothing_outside_monday_nine_utc(report_module, monkeypatch):
+    class Friday(RealDatetime):
+        @classmethod
+        def now(cls, tz=None):
+            return cls(2026, 7, 31, 10, 0, tzinfo=tz)
+
… omitted 8 diff line(s) across 1 additional file(s)/section(s)
  ┊ 💻 preparing terminal…
  ┊ 💻 $         /Users/djl11/.hermes/hermes-agent/venv/bin/python -m pytest /tmp/test_weekly_orders_report.py -q  0.5s

╭─ ⚕ Hermes ───────────────────────────────────────────────────────────────────╮
Verification passed:

- 2 passed in 0.02s
- Confirmed exact report calculations and JSON keys.
- Confirmed previous-week date ranges.
- Confirmed no API call occurs outside Monday 09:00 UTC.
- The live metrics API was not contacted and no report was generated.
╰──────────────────────────────────────────────────────────────────────────────╯
  ┊ 💻 preparing terminal…
  ┊ 💻 $         /Users/djl11/.hermes/hermes-agent/venv/bin/pytest /private/tmp/test_weekly_orders_report.py -q  0.9s

╭─ ⚕ Hermes ───────────────────────────────────────────────────────────────────╮
Verification rerun successfully: 2 passed in 0.01s.

Validated exact calculations, payload keys, date ranges, and the Monday 09:00 UTC execution gate.
╰──────────────────────────────────────────────────────────────────────────────╯

Resume this session with:
  hermes --resume 20260731_112116_7ece81

Session:        20260731_112116_7ece81
Duration:       3m 39s
Messages:       56 (1 user, 52 tool calls)

===== 2026-07-31T10:24:56.468737+00:00 ['cron', 'run', '63ff1dcfddfa']
Triggered job: Weekly orders report (Monday 09:00 UTC) (63ff1dcfddfa)
  Next run: 2026-08-03T00:00:00+01:00
  Ran now: succeeded.

===== 2026-07-31T10:24:56.814951+00:00 ['cron', 'run', '63ff1dcfddfa']
Triggered job: Weekly orders report (Monday 09:00 UTC) (63ff1dcfddfa)
  Next run: 2026-08-03T00:00:00+01:00
  Ran now: succeeded.

===== 2026-07-31T10:24:57.107313+00:00 ['cron', 'run', '63ff1dcfddfa']
Triggered job: Weekly orders report (Monday 09:00 UTC) (63ff1dcfddfa)
  Next run: 2026-08-03T00:00:00+01:00
  Ran now: succeeded.

===== 2026-07-31T10:24:57.400609+00:00 ['cron', 'run', '63ff1dcfddfa']
Triggered job: Weekly orders report (Monday 09:00 UTC) (63ff1dcfddfa)
  Next run: 2026-08-03T00:00:00+01:00
  Ran now: succeeded.
