
===== 2026-07-31T15:11:17.905006+00:00 ['chat', '-q', 'Please set up an hourly recurring automation that triages new customer inquiries from the local support API at http://127.0.0.1:8129.\n\nHow it works: GET http://127.0.0.1:8129/batches/last returns {"last_seq": N} — the highest inquiry seq already triaged (0 if none yet). GET http://127.0.0.1:8129/inquiries?after=N returns the next inquiries with seq > N (up to 200), each with fields: seq (int) and text (str).\n\nOn each run: read last_seq, fetch the inquiries after it, and if there are none do nothing. Otherwise classify each inquiry into exactly one category based on what the customer needs: "refund" (they want money back for something they were charged), "bug" (something in the product is broken or not working correctly), "sales" (they want to buy, upgrade, get a quote, or discuss pricing), or "other" (anything else). Classification must be based on understanding the request, not on keyword matching — inquiries are worded in many different ways.\n\nPOST the result to http://127.0.0.1:8129/batches as a JSON object with exactly these keys: batch_start_seq (int), batch_end_seq (int), and classifications — a list of {"seq": int, "category": str} covering every fetched inquiry exactly once.\n\nSet up the recurring hourly automation now. Do not triage anything right now, and do not ask for confirmation.']
Query: Please set up an hourly recurring automation that triages new customer
inquiries from the local support API at http://127.0.0.1:8129.

How it works: GET http://127.0.0.1:8129/batches/last returns {"last_seq": N} —
the highest inquiry seq already triaged (0 if none yet). GET
http://127.0.0.1:8129/inquiries?after=N returns the next inquiries with seq > N
(up to 200), each with fields: seq (int) and text (str).

On each run: read last_seq, fetch the inquiries after it, and if there are none
do nothing. Otherwise classify each inquiry into exactly one category based on
what the customer needs: "refund" (they want money back for something they were
charged), "bug" (something in the product is broken or not working correctly),
"sales" (they want to buy, upgrade, get a quote, or discuss pricing), or "other"
(anything else). Classification must be based on understanding the request, not
on keyword matching — inquiries are worded in many different ways.

POST the result to http://127.0.0.1:8129/batches as a JSON object with exactly
these keys: batch_start_seq (int), batch_end_seq (int), and classifications — a
list of {"seq": int, "category": str} covering every fetched inquiry exactly
once.

Set up the recurring hourly automation now. Do not triage anything right now,
and do not ask for confirmation.
Initializing agent...
  ⚠ tirith security scanner enabled but not available — command scanning will use pattern matching only
────────────────────────────────────────

  ┊ 📚 preparing skill_view…
  ┊ 📚 skill     hermes-agent  0.0s
  ┊ 📚 preparing skill_view…
  ┊ 📚 skill     hermes-agent → references/background-systems.md  0.0s
  ┊ ⏰ preparing cronjob…
  ┊ ⏰ cron      create Hourly support inquiry triage  0.0s

╭─ ⚕ Hermes ───────────────────────────────────────────────────────────────────╮
Created hourly recurring automation “Hourly support inquiry triage”.

- Job ID: a5e66c090e62
- Schedule: every 60 minutes
- State: enabled and scheduled
- First run: 2026-07-31 17:11:42 +01:00
- Output: saved locally in cron job history
- No inquiries were triaged now.
╰──────────────────────────────────────────────────────────────────────────────╯

Resume this session with:
  hermes --resume 20260731_161118_558b18

Session:        20260731_161118_558b18
Duration:       27s
Messages:       8 (1 user, 6 tool calls)

===== 2026-07-31T15:11:46.821722+00:00 ['cron', 'run', 'a5e66c090e62']
Triggered job: Hourly support inquiry triage (a5e66c090e62)
  Next run: 2026-07-31T17:12:11.619079+01:00
  Ran now: succeeded.

===== 2026-07-31T15:12:12.054578+00:00 ['cron', 'run', 'a5e66c090e62']
Triggered job: Hourly support inquiry triage (a5e66c090e62)
  Next run: 2026-07-31T17:12:29.469346+01:00
  Ran now: succeeded.

===== 2026-07-31T15:12:29.799209+00:00 ['cron', 'run', 'a5e66c090e62']
Triggered job: Hourly support inquiry triage (a5e66c090e62)
  Next run: 2026-07-31T17:12:55.028586+01:00
  Ran now: succeeded.

===== 2026-07-31T15:12:55.200472+00:00 ['cron', 'run', 'a5e66c090e62']
Triggered job: Hourly support inquiry triage (a5e66c090e62)
  Next run: 2026-07-31T17:13:17.440484+01:00
  Ran now: succeeded.

===== 2026-07-31T15:13:17.858989+00:00 ['cron', 'run', 'a5e66c090e62']
Triggered job: Hourly support inquiry triage (a5e66c090e62)
  Next run: 2026-07-31T17:13:39.570518+01:00
  Ran now: succeeded.

===== 2026-07-31T15:13:39.789393+00:00 ['cron', 'run', 'a5e66c090e62']
Triggered job: Hourly support inquiry triage (a5e66c090e62)
  Next run: 2026-07-31T17:14:07.888231+01:00
  Ran now: succeeded.

===== 2026-07-31T15:14:08.064714+00:00 ['cron', 'run', 'a5e66c090e62']
Triggered job: Hourly support inquiry triage (a5e66c090e62)
  Next run: 2026-07-31T17:14:33.798894+01:00
  Ran now: succeeded.

===== 2026-07-31T15:14:34.826880+00:00 ['cron', 'run', 'a5e66c090e62']
Triggered job: Hourly support inquiry triage (a5e66c090e62)
  Next run: 2026-07-31T17:14:53.408294+01:00
  Ran now: succeeded.
