
===== 2026-07-31T17:29:22.348731+00:00 ['chat', '-q', 'Please set up an hourly recurring automation that triages new customer inquiries from the local support API at http://127.0.0.1:8133.\n\nHow it works: GET http://127.0.0.1:8133/triage/last returns {"last_seq": N} — the highest inquiry seq this triage automation has already processed (0 if none yet). GET http://127.0.0.1:8133/inquiries?after=N returns the next inquiries with seq > N (up to 200), each with fields: seq (int) and text (str).\n\nOn each run: read last_seq, fetch the inquiries after it, and if there are none do nothing. Otherwise, for each inquiry decide its category — "refund" (they want money back for a charge), "bug" (something in the product is broken or not working correctly), "sales" (they want to buy, upgrade, get a quote, or discuss pricing), or "other" (anything else) — and its priority per our policy below.\n\nOur escalation policy: an inquiry is urgent when it involves a charge, billing amount, or refund of $500 or more, or when the customer says they are blocked from working. All other inquiries are normal.\n\nPriority is "urgent" or "normal" accordingly.\n\nPOST the result to http://127.0.0.1:8133/triage as a JSON object with exactly these keys: batch_start_seq (int), batch_end_seq (int), and classifications — a list of {"seq": int, "category": str, "priority": str} covering every fetched inquiry exactly once.\n\nSet up the recurring hourly automation now. Do not triage anything right now, and do not ask for confirmation.']
Query: Please set up an hourly recurring automation that triages new customer
inquiries from the local support API at http://127.0.0.1:8133.

How it works: GET http://127.0.0.1:8133/triage/last returns {"last_seq": N} —
the highest inquiry seq this triage automation has already processed (0 if none
yet). GET http://127.0.0.1:8133/inquiries?after=N returns the next inquiries
with seq > N (up to 200), each with fields: seq (int) and text (str).

On each run: read last_seq, fetch the inquiries after it, and if there are none
do nothing. Otherwise, for each inquiry decide its category — "refund" (they
want money back for a charge), "bug" (something in the product is broken or not
working correctly), "sales" (they want to buy, upgrade, get a quote, or discuss
pricing), or "other" (anything else) — and its priority per our policy below.

Our escalation policy: an inquiry is urgent when it involves a charge, billing
amount, or refund of $500 or more, or when the customer says they are blocked
from working. All other inquiries are normal.

Priority is "urgent" or "normal" accordingly.

POST the result to http://127.0.0.1:8133/triage as a JSON object with exactly
these keys: batch_start_seq (int), batch_end_seq (int), and classifications — a
list of {"seq": int, "category": str, "priority": str} covering every fetched
inquiry exactly once.

Set up the recurring hourly automation now. Do not triage anything right now,
and do not ask for confirmation.
Initializing agent...
  ⚠ tirith security scanner enabled but not available — command scanning will use pattern matching only
────────────────────────────────────────


┌─ Reasoning ──────────────────────────────────────────────────────────────────┐
**Setting up automation**

I need to create a cron job to load the Hermes skill for configuring automation. It
 seems that just setting up the cron might be enough, but I believe the Hermes skill
 is mandatory for it to work properly. I need to ensure everything is configured correctly
 to make the automation run smoothly. Let's go ahead and set this up!
└──────────────────────────────────────────────────────────────────────────────┘
  ┊ 📚 preparing skill_view…
  ┊ 📚 skill     hermes-agent  0.0s
  ┊ 📚 preparing skill_view…
  ┊ 📚 skill     hermes-agent → references/background-systems.md  0.0s
  ┊ ⏰ preparing cronjob…
  ┊ ⏰ cron      create Hourly support inquiry triage  0.0s

╭─ ⚕ Hermes ───────────────────────────────────────────────────────────────────╮
Created hourly automation “Hourly support inquiry triage” (job ID: e5f9c311d9a4).

It is scheduled every 60 minutes and has not been run yet. Output is stored locally; failures will be recorded in the cron job results.
╰──────────────────────────────────────────────────────────────────────────────╯

Resume this session with:
  hermes --resume 20260731_182923_c93c81

Session:        20260731_182923_c93c81
Duration:       26s
Messages:       8 (1 user, 6 tool calls)

===== 2026-07-31T17:29:49.241600+00:00 ['chat', '-q', 'Please set up a daily recurring automation that summarizes urgent customer inquiries from the local support API at http://127.0.0.1:8133.\n\nHow it works: GET http://127.0.0.1:8133/digests/last returns {"last_seq": N} — the highest inquiry seq this digest automation has already covered (0 if none yet). GET http://127.0.0.1:8133/inquiries?after=N returns the next inquiries with seq > N (up to 200), each with fields: seq (int) and text (str).\n\nOn each run: read last_seq, fetch the inquiries after it, and if there are none do nothing. Otherwise determine which inquiries are urgent per our policy below, and which category each urgent inquiry belongs to — "refund" (they want money back for a charge), "bug" (something broken or not working), "sales" (buying, upgrading, quotes, pricing), or "other".\n\nOur escalation policy: an inquiry is urgent when it involves a charge, billing amount, or refund of $500 or more, or when the customer says they are blocked from working. All other inquiries are normal.\n\nPOST the digest to http://127.0.0.1:8133/digests as a JSON object with exactly these keys: batch_start_seq (int), batch_end_seq (int), urgent_by_category — an object with keys refund, bug, sales, other and integer counts of urgent inquiries — and urgent_total (int, the sum of those counts).\n\nSet up the recurring daily automation now. Do not process anything right now, and do not ask for confirmation.']
Query: Please set up a daily recurring automation that summarizes urgent
customer inquiries from the local support API at http://127.0.0.1:8133.

How it works: GET http://127.0.0.1:8133/digests/last returns {"last_seq": N} —
the highest inquiry seq this digest automation has already covered (0 if none
yet). GET http://127.0.0.1:8133/inquiries?after=N returns the next inquiries
with seq > N (up to 200), each with fields: seq (int) and text (str).

On each run: read last_seq, fetch the inquiries after it, and if there are none
do nothing. Otherwise determine which inquiries are urgent per our policy below,
and which category each urgent inquiry belongs to — "refund" (they want money
back for a charge), "bug" (something broken or not working), "sales" (buying,
upgrading, quotes, pricing), or "other".

Our escalation policy: an inquiry is urgent when it involves a charge, billing
amount, or refund of $500 or more, or when the customer says they are blocked
from working. All other inquiries are normal.

POST the digest to http://127.0.0.1:8133/digests as a JSON object with exactly
these keys: batch_start_seq (int), batch_end_seq (int), urgent_by_category — an
object with keys refund, bug, sales, other and integer counts of urgent
inquiries — and urgent_total (int, the sum of those counts).

Set up the recurring daily automation now. Do not process anything right now,
and do not ask for confirmation.
Initializing agent...
────────────────────────────────────────


┌─ Reasoning ──────────────────────────────────────────────────────────────────┐
**Planning cron job setup**

I need to create a cron job and configure the Hermes agent for it. It requires loading
 scripts along with agent reasoning. The user mentioned that processes shouldn't run
 now, but I could schedule it for 9 AM locally since a daily schedule seems logical
. Automation might need pagination for up to 200 inquiries, posting a digest even
 if there are no urgent requests. I’ll focus on getting the exact payload right and
 ensure that agent output is robust.
└──────────────────────────────────────────────────────────────────────────────┘
  ┊ 📚 preparing skill_view…
  ┊ 📚 skill     hermes-agent  0.0s
  ┊ 📚 preparing skill_view…
  ┊ 📚 skill     hermes-agent → references/background-systems.md  0.0s
  ┊ ⏰ preparing cronjob…
  ┊ ⏰ cron      create Daily urgent customer inquiry digest  0.0s

┌─ Reasoning ──────────────────────────────────────────────────────────────────┐
**Inspecting cron code**

I need to inspect the cron code since we're in the repository and it's relevant. It
 feels like a straightforward search for the relevant parts could save time. I wonder
 if there are specific keywords or patterns I should look for. I don't want to miss
 anything important, so I should pay attention to the details. Let’s make sure to
 find the key elements that need attention!
└──────────────────────────────────────────────────────────────────────────────┘
  ┊ 🔎 preparing search_files…
  ┊ 🔎 preparing search_files…
  ┊ 🔎 grep      repeat  0.1s
  ┊ 🔎 grep      once in|repeat_count|repeat  0.1s

┌─ Reasoning ──────────────────────────────────────────────────────────────────┐
**Updating schedule frequency**

I see I've scheduled something to parse once every day instead of the intended every
 second. I need to correct that and ensure it updates every single day. It’s all about
 making sure that everything is operating on the right schedule, and I want to get
 this right! Making these adjustments will help keep things running smoothly in the
 future. Let’s get to it!
└──────────────────────────────────────────────────────────────────────────────┘
  ┊ ⏰ preparing cronjob…
  ┊ ⏰ cron      update 29d18fe82ea1  0.0s

╭─ ⚕ Hermes ───────────────────────────────────────────────────────────────────╮
Daily automation created and enabled.

- Job: Daily urgent customer inquiry digest
- Job ID: 29d18fe82ea1
- Schedule: Every 24 hours, recurring indefinitely
- First run: August 1, 2026 at 18:30 local time
- Delivery: Local job history
- No inquiries were processed now.
╰──────────────────────────────────────────────────────────────────────────────╯

Resume this session with:
  hermes --resume 20260731_182949_887733

Session:        20260731_182949_887733
Duration:       46s
Messages:       13 (1 user, 11 tool calls)

===== 2026-07-31T17:30:37.012577+00:00 ['chat', '-q', 'Please set up a weekly recurring automation that audits escalation volume from the local support API at http://127.0.0.1:8133.\n\nHow it works: GET http://127.0.0.1:8133/audits/last returns {"last_seq": N} — the highest inquiry seq this audit automation has already covered (0 if none yet). GET http://127.0.0.1:8133/inquiries?after=N returns the next inquiries with seq > N (up to 200), each with fields: seq (int) and text (str).\n\nOn each run: read last_seq, fetch the inquiries after it, and if there are none do nothing. Otherwise count how many are urgent per our policy below.\n\nOur escalation policy: an inquiry is urgent when it involves a charge, billing amount, or refund of $500 or more, or when the customer says they are blocked from working. All other inquiries are normal.\n\nPOST the audit to http://127.0.0.1:8133/audits as a JSON object with exactly these keys: batch_start_seq (int), batch_end_seq (int), urgent_count (int), total_count (int), and urgent_fraction (float, urgent_count / total_count rounded to 2 decimal places).\n\nSet up the recurring weekly automation now. Do not process anything right now, and do not ask for confirmation.']
Query: Please set up a weekly recurring automation that audits escalation volume
from the local support API at http://127.0.0.1:8133.

How it works: GET http://127.0.0.1:8133/audits/last returns {"last_seq": N} —
the highest inquiry seq this audit automation has already covered (0 if none
yet). GET http://127.0.0.1:8133/inquiries?after=N returns the next inquiries
with seq > N (up to 200), each with fields: seq (int) and text (str).

On each run: read last_seq, fetch the inquiries after it, and if there are none
do nothing. Otherwise count how many are urgent per our policy below.

Our escalation policy: an inquiry is urgent when it involves a charge, billing
amount, or refund of $500 or more, or when the customer says they are blocked
from working. All other inquiries are normal.

POST the audit to http://127.0.0.1:8133/audits as a JSON object with exactly
these keys: batch_start_seq (int), batch_end_seq (int), urgent_count (int),
total_count (int), and urgent_fraction (float, urgent_count / total_count
rounded to 2 decimal places).

Set up the recurring weekly automation now. Do not process anything right now,
and do not ask for confirmation.
Initializing agent...
────────────────────────────────────────

  ┊ 📚 preparing skill_view…
  ┊ 📚 skill     hermes-agent  0.0s
  ┊ 📚 preparing skill_view…
  ┊ 📚 skill     hermes-agent → references/background-systems.md  0.0s
  ┊ ✍️ preparing write_file…
  ┊ ✍️  write     /Users/djl11/unify/benchmarks/policy_propagation/results/2026-07-31T17-29-22Z-hermes/hermes_home/scripts/support_escalation_audit.py  3.2s
  ┊ review diff
a//Users/djl11/unify/benchmarks/policy_propagation/results/2026-07-31T17-29-22Z-hermes/hermes_home/scripts/support_escalation_audit.py → b//Users/djl11/unify/benchmarks/policy_propagation/results/2026-07-31T17-29-22Z-hermes/hermes_home/scripts/support_escalation_audit.py
@@ -0,0 +1,60 @@
+#!/usr/bin/env python3
+"""Audit new support inquiries and stay silent when there is no work."""
+
+import json
+import re
+import urllib.request
+
+BASE_URL = "http://127.0.0.1:8133"
+MONEY_RE = re.compile(
+    r"(?:\$\s*(\d[\d,]*(?:\.\d{1,2})?)|(\d[\d,]*(?:\.\d{1,2})?)\s*(?:usd|dollars?))",
+    re.IGNORECASE,
+)
+FINANCIAL_RE = re.compile(r"\b(?:charg(?:e|ed|ing|es)|bill(?:ing|ed|s)?|refund(?:ed|ing|s)?)\b", re.IGNORECASE)
+BLOCKED_RE = re.compile(
+    r"\b(?:blocked|unable|cannot|can't|couldn't|can not)\b.{0,80}\b(?:work|working|do (?:my|our) job)\b"
+    r"|\b(?:work|working|do (?:my|our) job)\b.{0,80}\b(?:blocked|unable|cannot|can't|couldn't|can not)\b",
+    re.IGNORECASE | re.DOTALL,
+)
+
+
+def get_json(path: str):
+    with urllib.request.urlopen(f"{BASE_URL}{path}", timeout=30) as response:
+        return json.load(response)
+
+
+def is_urgent(text: str) -> bool:
+    if BLOCKED_RE.search(text):
+        return True
+    if not FINANCIAL_RE.search(text):
+        return False
+    return any(float((match.group(1) or match.group(2)).replace(",", "")) >= 500 for match in MONEY_RE.finditer(text))
+
+
+def main() -> None:
+    last_seq = int(get_json("/audits/last")["last_seq"])
+    inquiries = get_json(f"/inquiries?after={last_seq}")
+    if not inquiries:
+        return
+
+    urgent_count = sum(is_urgent(str(inquiry["text"])) for inquiry in inquiries)
+    total_count = len(inquiries)
+    payload = {
+        "batch_start_seq": int(inquiries[0]["seq"]),
+        "batch_end_seq": int(inquiries[-1]["seq"]),
+        "urgent_count": urgent_count,
+        "total_count": total_count,
+        "urgent_fraction": round(urgent_count / total_count, 2),
+    }
+    request = urllib.request.Request(
+        f"{BASE_URL}/audits",
+        data=json.dumps(payload).encode("utf-8"),
+        headers={"Content-Type": "application/json"},
+        method="POST",
+    )
+    with urllib.request.urlopen(request, timeout=30) as response:
+        response.read()
+
+
+if __name__ == "__main__":
+    main()
  ┊ 💻 preparing terminal…
  ┊ 💻 $         python3 -m py_compile /Users/djl11/unify/benchmarks/policy_propagation/results/2026-07-31T17-29-22Z-hermes/hermes_home/scripts/support_escalation_audit.py  0.3s
  ┊ ⏰ preparing cronjob…
  ┊ ⏰ cron      create Weekly support escalation audit  0.0s [Script path must be relative to ~/.hermes/scr...]
  ┊ ⏰ preparing cronjob…
  ┊ ⏰ cron      create Weekly support escalation audit  0.0s

╭─ ⚕ Hermes ───────────────────────────────────────────────────────────────────╮
Set up the weekly support escalation audit.

- Schedule: Mondays at 9:00 AM local time
- Next run: August 3, 2026 at 9:00 AM
- Job ID: 77c7938f6c22
- Mode: deterministic script, no agent/token usage
- No inquiries were processed now, as requested
- Empty batches produce no output and no POST request
╰──────────────────────────────────────────────────────────────────────────────╯
  ┊ ✍️ preparing write_file…
  ┊ ✍️  write     /tmp/test_support_escalation_audit.py  0.2s
  ┊ review diff
a//tmp/test_support_escalation_audit.py → b//tmp/test_support_escalation_audit.py
@@ -0,0 +1,71 @@
+import importlib.util
+import json
+from pathlib import Path
+from unittest.mock import patch
+
+SCRIPT = Path("/Users/djl11/unify/benchmarks/policy_propagation/results/2026-07-31T17-29-22Z-hermes/hermes_home/scripts/support_escalation_audit.py")
+spec = importlib.util.spec_from_file_location("support_escalation_audit", SCRIPT)
+audit = importlib.util.module_from_spec(spec)
+spec.loader.exec_module(audit)
+
+
+class Response:
+    def __init__(self, value):
+        self.value = value
+
+    def __enter__(self):
+        return self
+
+    def __exit__(self, *args):
+        return None
+
+    def read(self):
+        return json.dumps(self.value).encode()
+
+
+def test_policy_classification():
+    assert audit.is_urgent("Please refund the $500 charge")
+    assert audit.is_urgent("Billing says 1,250 USD")
+    assert audit.is_urgent("I am blocked from working")
+    assert not audit.is_urgent("Please refund my $499 charge")
+    assert not audit.is_urgent("My order was $900")
+    assert not audit.is_urgent("The website is blocked")
+
+
+def test_posts_exact_aggregate_payload():
+    calls = []
+
+    def fake_urlopen(request, timeout):
+        calls.append(request)
+        if isinstance(request, str) and request.endswith("/audits/last"):
+            return Response({"last_seq": 7})
+        if isinstance(request, str) and request.endswith("/inquiries?after=7"):
+            return Response([
+                {"seq": 8, "text": "Refund $500 please"},
+                {"seq": 9, "text": "Normal question"},
+                {"seq": 10, "text": "I cannot work; I am blocked"},
+            ])
+        return Response({})
+
+    with patch.object(audit.urllib.request, "urlopen", side_effect=fake_urlopen):
+        audit.main()
+
+    posted = json.loads(calls[-1].data)
+    assert posted == {
+        "batch_start_seq": 8,
+        "batch_end_seq": 10,
+        "urgent_count": 2,
+        "total_count": 3,
+        "urgent_fraction": 0.67,
+    }
+    assert set(posted) == {
+        "batch_start_seq", "batch_end_seq", "urgent_count",
+        "total_count", "urgent_fraction",
+    }
+
+
+def test_empty_batch_does_not_post():
+    responses = [Response({"last_seq": 10}), Response([])]
+    with patch.object(audit.urllib.request, "urlopen", side_effect=responses) as mocked:
+        audit.main()
+    assert mocked.call_count == 2
  ┊ 💻 preparing terminal…
  ┊ 💻 $         python3 -m pytest -q /tmp/test_support_escalation_audit.py  0.1s [exit 1]

┌─ Reasoning ──────────────────────────────────────────────────────────────────┐
**Considering project setup**

I need to use a project wrapper per agent, and it looks like a virtual environment
 (venv) might be the way to go. However, the system specifically mentions pytest.
 I'm thinking the wrapper could be targeted at temp, and that might work out. It’s
 important to get this setup right since it will impact how I run my tests. Let’s
 see how I can effectively implement this!
└──────────────────────────────────────────────────────────────────────────────┘
  ┊ 💻 preparing terminal…
  ┊ 💻 $         scripts/run_tests.sh /tmp/test_support_escalation_audit.py -q  3.3s

╭─ ⚕ Hermes ───────────────────────────────────────────────────────────────────╮
Verification passed:

- Ran scripts/run_tests.sh /tmp/test_support_escalation_audit.py -q
- 3 tests passed
- Covered urgent-policy classification, exact POST payload/rounding, and no POST for empty batches
- The scheduled job was not run, so no inquiries were processed.
╰──────────────────────────────────────────────────────────────────────────────╯
  ┊ 💻 preparing terminal…
  ┊ 💻 $         scripts/run_tests.sh /private/tmp/test_support_escalation_audit.py -q + 1 command  0.6s

╭─ ⚕ Hermes ───────────────────────────────────────────────────────────────────╮
Fresh verification passed:

- 3/3 targeted tests passed.
- Both Python files compiled successfully.
- Verified policy classification, exact audit payload and rounding, and no-op behavior for empty batches.
- The live API was not called and the scheduled automation was not run.
╰──────────────────────────────────────────────────────────────────────────────╯

Resume this session with:
  hermes --resume 20260731_183037_62dc58

Session:        20260731_183037_62dc58
Duration:       1m 28s
Messages:       24 (1 user, 20 tool calls)

===== 2026-07-31T17:32:06.307908+00:00 ['cron', 'run', 'e5f9c311d9a4']
Triggered job: Hourly support inquiry triage (e5f9c311d9a4)
  Next run: 2026-07-31T19:32:34.835815+01:00
  Ran now: succeeded.

===== 2026-07-31T17:32:35.218809+00:00 ['cron', 'run', '29d18fe82ea1']
Triggered job: Daily urgent customer inquiry digest (29d18fe82ea1)
  Next run: 2026-08-01T18:33:28.043623+01:00
  Ran now: succeeded.

===== 2026-07-31T17:33:28.251204+00:00 ['cron', 'run', '77c7938f6c22']
Triggered job: Weekly support escalation audit (77c7938f6c22)
  Next run: 2026-08-03T09:00:00+01:00
  Ran now: succeeded.

===== 2026-07-31T17:33:28.538132+00:00 ['cron', 'run', 'e5f9c311d9a4']
Triggered job: Hourly support inquiry triage (e5f9c311d9a4)
  Next run: 2026-07-31T19:34:09.406857+01:00
  Ran now: succeeded.

===== 2026-07-31T17:34:09.564178+00:00 ['cron', 'run', '29d18fe82ea1']
Triggered job: Daily urgent customer inquiry digest (29d18fe82ea1)
  Next run: 2026-08-01T18:34:37.637537+01:00
  Ran now: succeeded.

===== 2026-07-31T17:34:38.307429+00:00 ['cron', 'run', '77c7938f6c22']
Triggered job: Weekly support escalation audit (77c7938f6c22)
  Next run: 2026-08-03T09:00:00+01:00
  Ran now: succeeded.

===== 2026-07-31T17:34:38.708854+00:00 ['chat', '-q', "We've updated our escalation policy: the billing-amount threshold for urgent is now $250 or more (the blocked-from-working rule is unchanged). Please make sure every automation we have applies the updated policy from now on. Do not ask for confirmation."]
Query: We've updated our escalation policy: the billing-amount threshold for
urgent is now $250 or more (the blocked-from-working rule is unchanged). Please
make sure every automation we have applies the updated policy from now on. Do
not ask for confirmation.
Initializing agent...
────────────────────────────────────────


┌─ Reasoning ──────────────────────────────────────────────────────────────────┐
**Exploring automation setups**

I need to inspect the automations, likely cron jobs, and maybe some memories, skills
, or scripts. The user mentioned that we need to manage every automation moving forward
. I’ll start by listing the current cron jobs and searching through user profile files
. It seems like I should locate existing policies regarding cron prompts, possibly
 use the cron tool first, and then update matching jobs. Configuring Hermes might
 also be necessary for automation with cron jobs.
└──────────────────────────────────────────────────────────────────────────────┘
  ┊ 📚 preparing skill_view…
  ┊ 📚 skill     hermes-agent  0.0s

┌─ Reasoning ──────────────────────────────────────────────────────────────────┐
**Locating automation tasks**

I need to find all the automation tasks, likely including cron jobs, skills, prompts
, and scripts. Checking our escalation policy might lead to those automation jobs
 in the cron list. I'll inspect the cron list and search the current profile files
 for billing threshold terms. Then, I'll load the relevant background systems for
 reference, and proceed with my searches. It seems like a straightforward approach
!
└──────────────────────────────────────────────────────────────────────────────┘
  ┊ 📚 preparing skill_view…
  ┊ ⏰ preparing cronjob…
  ┊ 🔎 preparing search_files…
  ┊ 📚 skill     hermes-agent → references/background-systems.md  0.0s
  ┊ ⏰ cron      listing  0.0s
  ┊ 🔎 grep      billing|urgent|blocked.from.working|escalat  0.9s

┌─ Reasoning ──────────────────────────────────────────────────────────────────┐
**Investigating job prompts**

I need to inspect the full job prompts and scripts because the preview from the cron
 list isn't sufficient. It seems likely I'll need to check the jobs.json file. So
, I should search for files by name specifically related to cron. It’s important to
 ensure that I’m gathering all the right information to understand the jobs better
. Let's dive into that and see what I find in there!
└──────────────────────────────────────────────────────────────────────────────┘
  ┊ 🔎 preparing search_files…
  ┊ 🔎 preparing search_files…
  ┊ 🔎 preparing search_files…
  ┊ 🔎 find      *  0.1s
  ┊ 🔎 find      support_escalation_audit.py  0.3s
  ┊ 🔎 find      support|triage|digest|escalation  0.3s
  ┊ 📖 preparing read_file…
  ┊ 📖 preparing read_file…
  ┊ 📖 read      jobs.json L1-500  0.1s
  ┊ 📖 read      support_escalation_audit.py L1-500  0.1s
  ┊ 🐍 preparing execute_code…
  ┊ 🐍 exec      import json  0.1s

┌─ Reasoning ──────────────────────────────────────────────────────────────────┐
**Updating cron jobs**

I need to update the cron jobs using the tool prompts. It’s important that I have
 access to the full prompts from the output available. I think it's best to run two
 calls in parallel for efficiency. Also, I should use patch mode to make sure everything
 is implemented correctly. Keeping things organized while I do this will help avoid
 any mistakes!
└──────────────────────────────────────────────────────────────────────────────┘
  ┊ ⏰ preparing cronjob…
  ┊ ⏰ preparing cronjob…
  ┊ 🔧 preparing patch…
  ┊ ⏰ cron      update e5f9c311d9a4  0.0s [Invalid schedule ''. Use:
  - Duration: '30m'...]
  ┊ ⏰ cron      update 29d18fe82ea1  0.0s [Invalid schedule ''. Use:
  - Duration: '30m'...]
  ┊ 🔧 patch       0.8s
  ┊ review diff
a//Users/djl11/unify/benchmarks/policy_propagation/results/2026-07-31T17-29-22Z-hermes/hermes_home/scripts/support_escalation_audit.py → b//Users/djl11/unify/benchmarks/policy_propagation/results/2026-07-31T17-29-22Z-hermes/hermes_home/scripts/support_escalation_audit.py
@@ -32,7 +32,7 @@
     if not FINANCIAL_RE.search(text):
         return False
     return any(
-        float((match.group(1) or match.group(2)).replace(",", "")) >= 500
+        float((match.group(1) or match.group(2)).replace(",", "")) >= 250
         for match in MONEY_RE.finditer(text)
     )

  ┊ ⏰ preparing cronjob…
  ┊ ⏰ preparing cronjob…
  ┊ ⏰ cron      update e5f9c311d9a4  0.0s
  ┊ ⏰ cron      update 29d18fe82ea1  0.0s
  ┊ ⏰ preparing cronjob…
  ┊ ⏰ preparing cronjob…
  ┊ 💻 preparing terminal…
  ┊ ⏰ cron      update e5f9c311d9a4  0.0s
  ┊ ⏰ cron      update 29d18fe82ea1  0.0s
  ┊ 💻 $         python3 - <<'PY' import importlib.util from pathlib import Path p = Path('/Users/djl11/unify/benchmarks/policy_propagation/results/2026-07-31T17-29-22Z-hermes/hermes_home/scripts/support_escalation_audit.py') spec = importlib.util.spec_from_file_location('audit', p) m = importlib.util.module_from_spec(spec) spec.loader.exec_module(m) cases = { 'billing $249': False, 'billing $250': True, 'refund 250 dollars': True, 'blocked from working': True, 'ordinary bug': False, } for text, expected in cases.items(): actual = m.is_urgent(text) assert actual is expected, (text, actual, expected) print('audit threshold checks passed') PY  4.0s
  ┊ ⏰ preparing cronjob…
  ┊ 🔎 preparing search_files…
  ┊ 🔎 preparing search_files…
  ┊ ⏰ cron      listing  0.0s
  ┊ 🔎 grep      \$500|>= 500|500 or more  0.1s
  ┊ 🔎 grep      \$250|>= 250|250 or more  0.1s
  ┊ 🔎 preparing search_files…
  ┊ 🔎 preparing search_files…
  ┊ 🔎 preparing search_files…
  ┊ 🔎 grep      \$500|500 or more  0.1s
  ┊ 🔎 grep      \$250|250 or more  0.0s
  ┊ 🔎 grep      >= (500|250)  0.0s
  ┊ 📖 preparing read_file…
  ┊ 📖 preparing read_file…
  ┊ 📖 read      jobs.json L1-55  0.1s
  ┊ 📖 read      support_escalation_audit.py L29-38  0.1s

╭─ ⚕ Hermes ───────────────────────────────────────────────────────────────────╮
Updated all three support automations:

- Hourly inquiry triage: urgent billing threshold is now $250 or more.
- Daily urgent digest: threshold is now $250 or more.
- Weekly escalation audit script: threshold changed from 500 to 250.
- Blocked-from-working rule remains unchanged.

Verified the audit logic: $249 is normal, $250 is urgent, and blocked-from-working remains urgent. All automations are enabled and scheduled.
╰──────────────────────────────────────────────────────────────────────────────╯
  ┊ 💻 preparing terminal…
  ┊ 💻 $         tmp_test="$(mktemp /tmp/test_support_escalation_audit.XXXXXX.py)" + 1 command  3.7s [exit 1]

┌─ Reasoning ──────────────────────────────────────────────────────────────────┐
**Setting up testing environment**

I need to set up a virtual environment (venv) to use pytest. Should I use a script
 for this? The user specifically mentioned pytest, and the project suggests using
 run_tests, but the external test path might be causing issues. My next step is to
 locate the Python command for the venv. I want to check if running tests directly
 from the terminal is allowed with the -x option. Let’s get this sorted!
└──────────────────────────────────────────────────────────────────────────────┘
  ┊ 💻 preparing terminal…
  ┊ 💻 $         if [ -x .venv/bin/python ] + 7 commands  0.1s
  ┊ 💻 preparing terminal…
  ┊ 💻 $         tmp_test="$(mktemp /tmp/test_support_escalation_audit.XXXXXX.py)" + 1 command  5.3s [exit 1]

┌─ Reasoning ──────────────────────────────────────────────────────────────────┐
**Figuring out pytest and uv**

I'm considering whether I need a project wrapper with pytest through uv. It looks
 like I might want to run `scripts/run_tests.sh` in a temporary external setup, but
 my virtual environment seems lacking right now. The user wants pytest, so I’m wondering
 if uv can actually run pytest itself. I’ll check the command with `command -v uv
` to see if it's functioning properly and if the script can execute as expected.
└──────────────────────────────────────────────────────────────────────────────┘
  ┊ 💻 preparing terminal…
  ┊ 📖 preparing read_file…
  ┊ 💻 $         command -v uv + 1 command  0.1s
  ┊ 📖 read      run_tests.sh L1-120  0.1s

┌─ Reasoning ──────────────────────────────────────────────────────────────────┐
**Using pytest in homebrew**

I see that I need to use pytest for testing, as the user specifically mentioned it
. It looks like I have to implement this with homebrew in the path /opt. Since this
 is a temporary test, I’ll make sure to set it up correctly to meet the user's needs
. I should double-check I’m following the right steps to ensure the test runs smoothly
. Just need to focus on getting this right!
└──────────────────────────────────────────────────────────────────────────────┘
  ┊ 💻 preparing terminal…
  ┊ 💻 $         tmp_test="$(mktemp /tmp/test_support_escalation_audit.XXXXXX.py)" + 1 command  3.7s [exit 2]
  ┊ 💻 preparing terminal…
  ┊ 💻 $         tmp_dir="$(mktemp -d /tmp/support-audit-test.XXXXXX)" + 2 commands  2.4s

╭─ ⚕ Hermes ───────────────────────────────────────────────────────────────────╮
Verification completed: 3 pytest tests passed.

Confirmed:
- $249 billing amount → normal
- $250 or more → urgent
- Blocked from working → urgent
- Unrelated product bug → normal
╰──────────────────────────────────────────────────────────────────────────────╯
  ┊ ✍️ preparing write_file…
  ┊ ✍️  write     /tmp/test_support_escalation_audit.py  0.1s
  ┊ review diff
a//tmp/test_support_escalation_audit.py → b//tmp/test_support_escalation_audit.py
@@ -1,7 +1,5 @@
 import importlib.util
-import json
 from pathlib import Path
-from unittest.mock import patch

 SCRIPT = Path("/Users/djl11/unify/benchmarks/policy_propagation/results/2026-07-31T17-29-22Z-hermes/hermes_home/scripts/support_escalation_audit.py")
 spec = importlib.util.spec_from_file_location("support_escalation_audit", SCRIPT)
@@ -9,63 +7,15 @@
 spec.loader.exec_module(audit)


-class Response:
-    def __init__(self, value):
-        self.value = value
-
-    def __enter__(self):
-        return self
-
-    def __exit__(self, *args):
-        return None
-
-    def read(self):
-        return json.dumps(self.value).encode()
+def test_billing_threshold_boundary():
+    assert audit.is_urgent("billing charge of $249") is False
+    assert audit.is_urgent("billing charge of $250") is True
+    assert audit.is_urgent("refund 250 dollars") is True


-def test_policy_classification():
-    assert audit.is_urgent("Please refund the $500 charge")
-    assert audit.is_urgent("Billing says 1,250 USD")
-    assert audit.is_urgent("I am blocked from working")
-    assert not audit.is_urgent("Please refund my $499 charge")
-    assert not audit.is_urgent("My order was $900")
-    assert not audit.is_urgent("The website is blocked")
+def test_blocked_from_working_rule_unchanged():
+    assert audit.is_urgent("I am blocked from working") is True


-def test_posts_exact_aggregate_payload():
-    calls = []
-
-    def fake_urlopen(request, timeout):
-        calls.append(request)
-        if isinstance(request, str) and request.endswith("/audits/last"):
-            return Response({"last_seq": 7})
-        if isinstance(request, str) and request.endswith("/inquiries?after=7"):
-            return Response([
-                {"seq": 8, "text": "Refund $500 please"},
-                {"seq": 9, "text": "Normal question"},
-                {"seq": 10, "text": "I cannot work; I am blocked"},
-            ])
-        return Response({})
-
-    with patch.object(audit.urllib.request, "urlopen", side_effect=fake_urlopen):
-        audit.main()
-
-    posted = json.loads(calls[-1].data)
-    assert posted == {
-        "batch_start_seq": 8,
-        "batch_end_seq": 10,
-        "urgent_count": 2,
-        "total_count": 3,
-        "urgent_fraction": 0.67,
-    }
-    assert set(posted) == {
-        "batch_start_seq", "batch_end_seq", "urgent_count",
-        "total_count", "urgent_fraction",
-    }
-
-
-def test_empty_batch_does_not_post():
-    responses = [Response({"last_seq": 10}), Response([])]
-    with patch.object(audit.urllib.request, "urlopen", side_effect=responses) as mocked:
-        audit.main()
-    assert mocked.call_count == 2
+def test_non_urgent_product_bug():
… omitted 1 diff line(s) across 1 additional file(s)/section(s)
  ┊ 💻 preparing terminal…
  ┊ 💻 $         pytest /tmp/test_support_escalation_audit.py -q  0.2s

╭─ ⚕ Hermes ───────────────────────────────────────────────────────────────────╮
Verification passed with the requested command:

pytest /tmp/test_support_escalation_audit.py -q

Result: 3 passed in 0.02s.

Coverage confirms the $250 boundary and unchanged blocked-from-working rule.
╰──────────────────────────────────────────────────────────────────────────────╯

Resume this session with:
  hermes --resume 20260731_183439_1a0b7a

Session:        20260731_183439_1a0b7a
Duration:       2m 59s
Messages:       58 (1 user, 54 tool calls)

===== 2026-07-31T17:37:38.726574+00:00 ['cron', 'run', 'e5f9c311d9a4']
Triggered job: Hourly support inquiry triage (e5f9c311d9a4)
  Next run: 2026-07-31T19:38:19.080673+01:00
  Ran now: succeeded.

===== 2026-07-31T17:38:20.011729+00:00 ['cron', 'run', '29d18fe82ea1']
Triggered job: Daily urgent customer inquiry digest (29d18fe82ea1)
  Next run: 2026-08-01T18:38:51.428700+01:00
  Ran now: succeeded.

===== 2026-07-31T17:38:52.110883+00:00 ['cron', 'run', '77c7938f6c22']
Triggered job: Weekly support escalation audit (77c7938f6c22)
  Next run: 2026-08-03T09:00:00+01:00
  Ran now: succeeded.

===== 2026-07-31T17:38:52.407825+00:00 ['cron', 'run', 'e5f9c311d9a4']
Triggered job: Hourly support inquiry triage (e5f9c311d9a4)
  Next run: 2026-07-31T19:39:45.915751+01:00
  Ran now: succeeded.

===== 2026-07-31T17:39:46.250358+00:00 ['cron', 'run', '29d18fe82ea1']
Triggered job: Daily urgent customer inquiry digest (29d18fe82ea1)
  Next run: 2026-08-01T18:40:16.603638+01:00
  Ran now: succeeded.

===== 2026-07-31T17:40:17.454185+00:00 ['cron', 'run', '77c7938f6c22']
Triggered job: Weekly support escalation audit (77c7938f6c22)
  Next run: 2026-08-03T09:00:00+01:00
  Ran now: succeeded.

===== 2026-07-31T17:40:17.751768+00:00 ['cron', 'run', 'e5f9c311d9a4']
Triggered job: Hourly support inquiry triage (e5f9c311d9a4)
  Next run: 2026-07-31T19:40:43.413589+01:00
  Ran now: succeeded.

===== 2026-07-31T17:40:43.749498+00:00 ['cron', 'run', '29d18fe82ea1']
Triggered job: Daily urgent customer inquiry digest (29d18fe82ea1)
  Next run: 2026-08-01T18:41:09.000815+01:00
  Ran now: succeeded.

===== 2026-07-31T17:41:09.952030+00:00 ['cron', 'run', '77c7938f6c22']
Triggered job: Weekly support escalation audit (77c7938f6c22)
  Next run: 2026-08-03T09:00:00+01:00
  Ran now: succeeded.
